[00:13:51] helper started
[32m2026-09-23 00:14:09.992[0m | [1mINFO    [0m | [36mmain[0m:[36mlifespan[0m:[36m142[0m - [1mDSH 股票后端启动...[0m
[32m2026-09-23 00:14:09.993[0m | [1mINFO    [0m | [36mmain[0m:[36mlifespan[0m:[36m146[0m - [1m数据目录: C:\Users\mark\.dsh\stock-data[0m
[32m2026-09-23 00:14:09.994[0m | [1mINFO    [0m | [36malert_engine[0m:[36mload[0m:[36m68[0m - [1m加载 3 持仓，1 预警规则，41 条历史[0m
[32m2026-09-23 00:14:09.994[0m | [1mINFO    [0m | [36mmain[0m:[36mlifespan[0m:[36m152[0m - [1m行情连接将在后台建立（不阻塞启动）[0m
[32m2026-09-23 00:14:09.995[0m | [1mINFO    [0m | [36mkpl[0m:[36mstart_snapshot_loop[0m:[36m906[0m - [1mKPL 自选行情快照循环已启动（2.5s/只）[0m
[32m2026-09-23 00:14:09.996[0m | [1mINFO    [0m | [36msentiment_db[0m:[36m_connect[0m:[36m48[0m - [1m舆情数据库连接成功: C:\Users\mark\.dsh\stock-data\sentiment.db[0m
[32m2026-09-23 00:14:09.998[0m | [1mINFO    [0m | [36msentiment_db[0m:[36m_init_tables[0m:[36m254[0m - [1m舆情数据库表结构初始化完成[0m
[32m2026-09-23 00:14:09.999[0m | [1mINFO    [0m | [36muser_keywords[0m:[36m_load_data[0m:[36m45[0m - [1m用户关键词数据加载成功: 0 条[0m
[32m2026-09-23 00:14:09.999[0m | [1mINFO    [0m | [36mnews_filter[0m:[36m__init__[0m:[36m30[0m - [1m使用SentimentKeywords关键词库和UserKeywords[0m
[32m2026-09-23 00:14:10.001[0m | [1mINFO    [0m | [36mimpact_analyzer[0m:[36m_connect[0m:[36m61[0m - [1m影响分析器连接成功[0m
[32m2026-09-23 00:14:10.001[0m | [1mINFO    [0m | [36msentiment_monitor[0m:[36mstart[0m:[36m424[0m - [1m舆情监控已启动[0m
[32m2026-09-23 00:14:10.003[0m | [1mINFO    [0m | [36malert_engine[0m:[36mrun_loop[0m:[36m350[0m - [1m预警引擎启动（间隔 30s，冷却 300s）[0m
[32m2026-09-23 00:14:15.641[0m | [1mINFO    [0m | [36mscreener[0m:[36mdb_load_all[0m:[36m238[0m - [1mK线库载入 5247 只（5.6s，1477574 行）[0m
[32m2026-09-23 00:14:30.260[0m | [1mINFO    [0m | [36msentiment_monitor[0m:[36mmonitor_loop[0m:[36m391[0m - [1m舆情监控循环启动，间隔: 300秒[0m
[32m2026-09-23 00:14:30.266[0m | [1mINFO    [0m | [36mevolution_loop[0m:[36mevolution_loop[0m:[36m310[0m - [1m进化循环启动（每日16:30后执行，检查间隔3600秒）[0m
[32m2026-09-23 00:14:30.411[0m | [1mINFO    [0m | [36msentiment_monitor[0m:[36mfetch_all_sources[0m:[36m262[0m - [1meastmoney 获取到 30 条新闻[0m
[32m2026-09-23 00:14:30.503[0m | [1mINFO    [0m | [36mws_manager[0m:[36mconnect[0m:[36m26[0m - [1mWebSocket 已连接，当前连接数: 1[0m
[32m2026-09-23 00:14:30.572[0m | [1mINFO    [0m | [36msentiment_monitor[0m:[36mfetch_all_sources[0m:[36m262[0m - [1msina 获取到 30 条新闻[0m
[32m2026-09-23 00:14:30.735[0m | [33m[1mWARNING [0m | [36mdata_source[0m:[36mconnect[0m:[36m70[0m - [33m[1m所有服务器连接失败[0m
[32m2026-09-23 00:14:31.820[0m | [1mINFO    [0m | [36msentiment_monitor[0m:[36mfetch_all_sources[0m:[36m262[0m - [1mfed 获取到 20 条新闻[0m
[32m2026-09-23 00:14:31.820[0m | [1mINFO    [0m | [36msentiment_monitor[0m:[36mfetch_all_sources[0m:[36m270[0m - [1m总共获取到 80 条舆情[0m
[32m2026-09-23 00:14:31.878[0m | [1mINFO    [0m | [36msentiment_monitor[0m:[36mprocess_news[0m:[36m312[0m - [1m保存了 40 条重要舆情到数据库[0m
[32m2026-09-23 00:14:35.174[0m | [1mINFO    [0m | [36mkpl[0m:[36m_loop[0m:[36m878[0m - [1mKPL 首页缓存预热完成[0m
[32m2026-09-23 00:14:53.051[0m | [33m[1mWARNING [0m | [36mdata_source[0m:[36mconnect[0m:[36m70[0m - [33m[1m所有服务器连接失败[0m
[32m2026-09-23 00:15:07.191[0m | [1mINFO    [0m | [36mscreener[0m:[36mload_local_tdx[0m:[36m405[0m - [1m本地通达信载入 5247 只（51.4s，目录 D:\app\tdx\vipdoc）[0m
[32m2026-09-23 00:15:13.774[0m | [33m[1mWARNING [0m | [36mdata_source[0m:[36mconnect[0m:[36m70[0m - [33m[1m所有服务器连接失败[0m
[32m2026-09-23 00:15:36.983[0m | [33m[1mWARNING [0m | [36mdata_source[0m:[36mconnect[0m:[36m70[0m - [33m[1m所有服务器连接失败[0m
[32m2026-09-23 00:16:10.974[0m | [33m[1mWARNING [0m | [36mdata_source[0m:[36mconnect[0m:[36m70[0m - [33m[1m所有服务器连接失败[0m
[32m2026-09-23 00:16:31.627[0m | [33m[1mWARNING [0m | [36mdata_source[0m:[36mconnect[0m:[36m70[0m - [33m[1m所有服务器连接失败[0m
[32m2026-09-23 00:16:52.287[0m | [33m[1mWARNING [0m | [36mdata_source[0m:[36mconnect[0m:[36m70[0m - [33m[1m所有服务器连接失败[0m
[32m2026-09-23 00:17:22.327[0m | [33m[1mWARNING [0m | [36mdata_source[0m:[36mconnect[0m:[36m70[0m - [33m[1m所有服务器连接失败[0m
[32m2026-09-23 00:17:43.053[0m | [33m[1mWARNING [0m | [36mdata_source[0m:[36mconnect[0m:[36m70[0m - [33m[1m所有服务器连接失败[0m
[32m2026-09-23 00:18:03.719[0m | [33m[1mWARNING [0m | [36mdata_source[0m:[36mconnect[0m:[36m70[0m - [33m[1m所有服务器连接失败[0m
[32m2026-09-23 00:18:33.676[0m | [33m[1mWARNING [0m | [36mdata_source[0m:[36mconnect[0m:[36m70[0m - [33m[1m所有服务器连接失败[0m
[32m2026-09-23 00:18:54.321[0m | [33m[1mWARNING [0m | [36mdata_source[0m:[36mconnect[0m:[36m70[0m - [33m[1m所有服务器连接失败[0m
[32m2026-09-23 00:19:15.003[0m | [33m[1mWARNING [0m | [36mdata_source[0m:[36mconnect[0m:[36m70[0m - [33m[1m所有服务器连接失败[0m
[32m2026-09-23 00:19:39.548[0m | [33m[1mWARNING [0m | [36mdata_source[0m:[36mconnect[0m:[36m70[0m - [33m[1m所有服务器连接失败[0m
[32m2026-09-23 00:19:44.490[0m | [1mINFO    [0m | [36msentiment_monitor[0m:[36mfetch_all_sources[0m:[36m262[0m - [1meastmoney 获取到 30 条新闻[0m
[32m2026-09-23 00:19:44.609[0m | [1mINFO    [0m | [36msentiment_monitor[0m:[36mfetch_all_sources[0m:[36m262[0m - [1msina 获取到 30 条新闻[0m
[32m2026-09-23 00:19:45.207[0m | [1mINFO    [0m | [36msentiment_monitor[0m:[36mfetch_all_sources[0m:[36m262[0m - [1mfed 获取到 20 条新闻[0m
[32m2026-09-23 00:19:45.208[0m | [1mINFO    [0m | [36msentiment_monitor[0m:[36mfetch_all_sources[0m:[36m270[0m - [1m总共获取到 80 条舆情[0m
[32m2026-09-23 00:19:45.229[0m | [1mINFO    [0m | [36msentiment_monitor[0m:[36mprocess_news[0m:[36m312[0m - [1m保存了 39 条重要舆情到数据库[0m
[32m2026-09-23 00:20:05.650[0m | [33m[1mWARNING [0m | [36mdata_source[0m:[36mconnect[0m:[36m70[0m - [33m[1m所有服务器连接失败[0m
[32m2026-09-23 00:20:35.060[0m | [33m[1mWARNING [0m | [36mdata_source[0m:[36mconnect[0m:[36m70[0m - [33m[1m所有服务器连接失败[0m
[32m2026-09-23 00:20:55.739[0m | [33m[1mWARNING [0m | [36mdata_source[0m:[36mconnect[0m:[36m70[0m - [33m[1m所有服务器连接失败[0m
[32m2026-09-23 00:21:16.412[0m | [33m[1mWARNING [0m | [36mdata_source[0m:[36mconnect[0m:[36m70[0m - [33m[1m所有服务器连接失败[0m
[32m2026-09-23 00:21:22.601[0m | [33m[1mWARNING [0m | [36msystem_api[0m:[36mrestart_backend[0m:[36m382[0m - [33m[1m后端自重启（端口 8765），helper 将在3秒后拉起新进程[0m
[00:21:22] helper started
[32m2026-09-23 00:21:27.045[0m | [1mINFO    [0m | [36mmain[0m:[36mlifespan[0m:[36m142[0m - [1mDSH 股票后端启动...[0m
[32m2026-09-23 00:21:27.047[0m | [1mINFO    [0m | [36mmain[0m:[36mlifespan[0m:[36m146[0m - [1m数据目录: C:\Users\mark\.dsh\stock-data[0m
[32m2026-09-23 00:21:27.048[0m | [1mINFO    [0m | [36malert_engine[0m:[36mload[0m:[36m68[0m - [1m加载 3 持仓，1 预警规则，41 条历史[0m
[32m2026-09-23 00:21:27.048[0m | [1mINFO    [0m | [36mmain[0m:[36mlifespan[0m:[36m152[0m - [1m行情连接将在后台建立（不阻塞启动）[0m
[32m2026-09-23 00:21:27.049[0m | [1mINFO    [0m | [36mkpl[0m:[36mstart_snapshot_loop[0m:[36m915[0m - [1mKPL 自选行情快照循环已启动（2.5s/只）[0m
[32m2026-09-23 00:21:27.049[0m | [1mINFO    [0m | [36msentiment_db[0m:[36m_connect[0m:[36m48[0m - [1m舆情数据库连接成功: C:\Users\mark\.dsh\stock-data\sentiment.db[0m
[32m2026-09-23 00:21:27.052[0m | [1mINFO    [0m | [36msentiment_db[0m:[36m_init_tables[0m:[36m254[0m - [1m舆情数据库表结构初始化完成[0m
[32m2026-09-23 00:21:27.053[0m | [1mINFO    [0m | [36muser_keywords[0m:[36m_load_data[0m:[36m45[0m - [1m用户关键词数据加载成功: 0 条[0m
[32m2026-09-23 00:21:27.053[0m | [1mINFO    [0m | [36mnews_filter[0m:[36m__init__[0m:[36m30[0m - [1m使用SentimentKeywords关键词库和UserKeywords[0m
[32m2026-09-23 00:21:27.053[0m | [1mINFO    [0m | [36mimpact_analyzer[0m:[36m_connect[0m:[36m61[0m - [1m影响分析器连接成功[0m
[32m2026-09-23 00:21:27.053[0m | [1mINFO    [0m | [36msentiment_monitor[0m:[36mstart[0m:[36m424[0m - [1m舆情监控已启动[0m
[32m2026-09-23 00:21:27.054[0m | [1mINFO    [0m | [36malert_engine[0m:[36mrun_loop[0m:[36m350[0m - [1m预警引擎启动（间隔 30s，冷却 300s）[0m
[32m2026-09-23 00:21:33.660[0m | [1mINFO    [0m | [36mscreener[0m:[36mdb_load_all[0m:[36m238[0m - [1mK线库载入 5247 只（6.6s，1477574 行）[0m
[32m2026-09-23 00:21:47.585[0m | [1mINFO    [0m | [36msentiment_monitor[0m:[36mmonitor_loop[0m:[36m391[0m - [1m舆情监控循环启动，间隔: 300秒[0m
[32m2026-09-23 00:21:47.587[0m | [1mINFO    [0m | [36mevolution_loop[0m:[36mevolution_loop[0m:[36m310[0m - [1m进化循环启动（每日16:30后执行，检查间隔3600秒）[0m
[32m2026-09-23 00:21:47.866[0m | [1mINFO    [0m | [36msentiment_monitor[0m:[36mfetch_all_sources[0m:[36m262[0m - [1meastmoney 获取到 30 条新闻[0m
[32m2026-09-23 00:21:48.050[0m | [33m[1mWARNING [0m | [36mdata_source[0m:[36mconnect[0m:[36m70[0m - [33m[1m所有服务器连接失败[0m
[32m2026-09-23 00:21:48.072[0m | [1mINFO    [0m | [36msentiment_monitor[0m:[36mfetch_all_sources[0m:[36m262[0m - [1msina 获取到 30 条新闻[0m
[32m2026-09-23 00:21:48.256[0m | [1mINFO    [0m | [36mws_manager[0m:[36mconnect[0m:[36m26[0m - [1mWebSocket 已连接，当前连接数: 1[0m
[32m2026-09-23 00:21:48.758[0m | [1mINFO    [0m | [36msentiment_monitor[0m:[36mfetch_all_sources[0m:[36m262[0m - [1mfed 获取到 20 条新闻[0m
[32m2026-09-23 00:21:48.759[0m | [1mINFO    [0m | [36msentiment_monitor[0m:[36mfetch_all_sources[0m:[36m270[0m - [1m总共获取到 80 条舆情[0m
[32m2026-09-23 00:21:48.775[0m | [1mINFO    [0m | [36msentiment_monitor[0m:[36mprocess_news[0m:[36m312[0m - [1m保存了 39 条重要舆情到数据库[0m
[32m2026-09-23 00:22:10.461[0m | [33m[1mWARNING [0m | [36mdata_source[0m:[36mconnect[0m:[36m70[0m - [33m[1m所有服务器连接失败[0m
[32m2026-09-23 00:22:15.488[0m | [1mINFO    [0m | [36mscreener[0m:[36mload_local_tdx[0m:[36m405[0m - [1m本地通达信载入 5247 只（41.7s，目录 D:\app\tdx\vipdoc）[0m
[32m2026-09-23 00:22:19.515[0m | [1mINFO    [0m | [36mkpl[0m:[36m_loop[0m:[36m887[0m - [1mKPL 首页缓存预热完成[0m
[32m2026-09-23 00:22:31.108[0m | [33m[1mWARNING [0m | [36mdata_source[0m:[36mconnect[0m:[36m70[0m - [33m[1m所有服务器连接失败[0m
[32m2026-09-23 00:22:54.358[0m | [33m[1mWARNING [0m | [36mdata_source[0m:[36mconnect[0m:[36m70[0m - [33m[1m所有服务器连接失败[0m
[32m2026-09-23 00:23:28.341[0m | [33m[1mWARNING [0m | [36mdata_source[0m:[36mconnect[0m:[36m70[0m - [33m[1m所有服务器连接失败[0m
[32m2026-09-23 00:23:48.976[0m | [33m[1mWARNING [0m | [36mdata_source[0m:[36mconnect[0m:[36m70[0m - [33m[1m所有服务器连接失败[0m
[32m2026-09-23 00:24:09.645[0m | [33m[1mWARNING [0m | [36mdata_source[0m:[36mconnect[0m:[36m70[0m - [33m[1m所有服务器连接失败[0m
[32m2026-09-23 00:24:39.605[0m | [33m[1mWARNING [0m | [36mdata_source[0m:[36mconnect[0m:[36m70[0m - [33m[1m所有服务器连接失败[0m
[32m2026-09-23 00:25:00.291[0m | [33m[1mWARNING [0m | [36mdata_source[0m:[36mconnect[0m:[36m70[0m - [33m[1m所有服务器连接失败[0m
[32m2026-09-23 00:25:20.912[0m | [33m[1mWARNING [0m | [36mdata_source[0m:[36mconnect[0m:[36m70[0m - [33m[1m所有服务器连接失败[0m
[32m2026-09-23 00:25:50.945[0m | [33m[1mWARNING [0m | [36mdata_source[0m:[36mconnect[0m:[36m70[0m - [33m[1m所有服务器连接失败[0m
[32m2026-09-23 00:26:11.591[0m | [33m[1mWARNING [0m | [36mdata_source[0m:[36mconnect[0m:[36m70[0m - [33m[1m所有服务器连接失败[0m
[32m2026-09-23 00:26:32.240[0m | [33m[1mWARNING [0m | [36mdata_source[0m:[36mconnect[0m:[36m70[0m - [33m[1m所有服务器连接失败[0m
[32m2026-09-23 00:26:56.832[0m | [33m[1mWARNING [0m | [36mdata_source[0m:[36mconnect[0m:[36m70[0m - [33m[1m所有服务器连接失败[0m
[32m2026-09-23 00:27:01.776[0m | [1mINFO    [0m | [36msentiment_monitor[0m:[36mfetch_all_sources[0m:[36m262[0m - [1meastmoney 获取到 30 条新闻[0m
[32m2026-09-23 00:27:01.906[0m | [1mINFO    [0m | [36msentiment_monitor[0m:[36mfetch_all_sources[0m:[36m262[0m - [1msina 获取到 30 条新闻[0m
[32m2026-09-23 00:27:02.569[0m | [1mINFO    [0m | [36msentiment_monitor[0m:[36mfetch_all_sources[0m:[36m262[0m - [1mfed 获取到 20 条新闻[0m
[32m2026-09-23 00:27:02.569[0m | [1mINFO    [0m | [36msentiment_monitor[0m:[36mfetch_all_sources[0m:[36m270[0m - [1m总共获取到 80 条舆情[0m
[32m2026-09-23 00:27:02.583[0m | [1mINFO    [0m | [36msentiment_monitor[0m:[36mprocess_news[0m:[36m312[0m - [1m保存了 38 条重要舆情到数据库[0m
[32m2026-09-23 00:27:22.876[0m | [33m[1mWARNING [0m | [36mdata_source[0m:[36mconnect[0m:[36m70[0m - [33m[1m所有服务器连接失败[0m
[32m2026-09-23 00:27:52.331[0m | [33m[1mWARNING [0m | [36mdata_source[0m:[36mconnect[0m:[36m70[0m - [33m[1m所有服务器连接失败[0m
[32m2026-09-23 00:28:12.988[0m | [33m[1mWARNING [0m | [36mdata_source[0m:[36mconnect[0m:[36m70[0m - [33m[1m所有服务器连接失败[0m
[32m2026-09-23 00:28:33.683[0m | [33m[1mWARNING [0m | [36mdata_source[0m:[36mconnect[0m:[36m70[0m - [33m[1m所有服务器连接失败[0m
[32m2026-09-23 00:28:58.255[0m | [33m[1mWARNING [0m | [36mdata_source[0m:[36mconnect[0m:[36m70[0m - [33m[1m所有服务器连接失败[0m
[32m2026-09-23 00:29:24.357[0m | [33m[1mWARNING [0m | [36mdata_source[0m:[36mconnect[0m:[36m70[0m - [33m[1m所有服务器连接失败[0m
[32m2026-09-23 00:29:53.728[0m | [33m[1mWARNING [0m | [36mdata_source[0m:[36mconnect[0m:[36m70[0m - [33m[1m所有服务器连接失败[0m
[32m2026-09-23 00:30:14.397[0m | [33m[1mWARNING [0m | [36mdata_source[0m:[36mconnect[0m:[36m70[0m - [33m[1m所有服务器连接失败[0m
[32m2026-09-23 00:30:35.108[0m | [33m[1mWARNING [0m | [36mdata_source[0m:[36mconnect[0m:[36m70[0m - [33m[1m所有服务器连接失败[0m
[32m2026-09-23 00:30:59.764[0m | [33m[1mWARNING [0m | [36mdata_source[0m:[36mconnect[0m:[36m70[0m - [33m[1m所有服务器连接失败[0m
[32m2026-09-23 00:31:25.856[0m | [33m[1mWARNING [0m | [36mdata_source[0m:[36mconnect[0m:[36m70[0m - [33m[1m所有服务器连接失败[0m
[32m2026-09-23 00:31:55.076[0m | [33m[1mWARNING [0m | [36mdata_source[0m:[36mconnect[0m:[36m70[0m - [33m[1m所有服务器连接失败[0m
[32m2026-09-23 00:32:15.750[0m | [33m[1mWARNING [0m | [36mdata_source[0m:[36mconnect[0m:[36m70[0m - [33m[1m所有服务器连接失败[0m
[32m2026-09-23 00:32:15.898[0m | [1mINFO    [0m | [36msentiment_monitor[0m:[36mfetch_all_sources[0m:[36m262[0m - [1meastmoney 获取到 30 条新闻[0m
[32m2026-09-23 00:32:16.024[0m | [1mINFO    [0m | [36msentiment_monitor[0m:[36mfetch_all_sources[0m:[36m262[0m - [1msina 获取到 30 条新闻[0m
[32m2026-09-23 00:32:16.891[0m | [1mINFO    [0m | [36msentiment_monitor[0m:[36mfetch_all_sources[0m:[36m262[0m - [1mfed 获取到 20 条新闻[0m
[32m2026-09-23 00:32:16.891[0m | [1mINFO    [0m | [36msentiment_monitor[0m:[36mfetch_all_sources[0m:[36m270[0m - [1m总共获取到 80 条舆情[0m
[32m2026-09-23 00:32:16.905[0m | [1mINFO    [0m | [36msentiment_monitor[0m:[36mprocess_news[0m:[36m312[0m - [1m保存了 38 条重要舆情到数据库[0m
[32m2026-09-23 00:32:36.467[0m | [33m[1mWARNING [0m | [36mdata_source[0m:[36mconnect[0m:[36m70[0m - [33m[1m所有服务器连接失败[0m
[32m2026-09-23 00:33:01.191[0m | [33m[1mWARNING [0m | [36mdata_source[0m:[36mconnect[0m:[36m70[0m - [33m[1m所有服务器连接失败[0m
[32m2026-09-23 00:33:27.109[0m | [33m[1mWARNING [0m | [36mdata_source[0m:[36mconnect[0m:[36m70[0m - [33m[1m所有服务器连接失败[0m
[32m2026-09-23 00:33:56.494[0m | [33m[1mWARNING [0m | [36mdata_source[0m:[36mconnect[0m:[36m70[0m - [33m[1m所有服务器连接失败[0m
[32m2026-09-23 00:34:17.145[0m | [33m[1mWARNING [0m | [36mdata_source[0m:[36mconnect[0m:[36m70[0m - [33m[1m所有服务器连接失败[0m
[32m2026-09-23 00:34:37.783[0m | [33m[1mWARNING [0m | [36mdata_source[0m:[36mconnect[0m:[36m70[0m - [33m[1m所有服务器连接失败[0m
[32m2026-09-23 00:35:02.471[0m | [33m[1mWARNING [0m | [36mdata_source[0m:[36mconnect[0m:[36m70[0m - [33m[1m所有服务器连接失败[0m
[32m2026-09-23 00:35:28.513[0m | [33m[1mWARNING [0m | [36mdata_source[0m:[36mconnect[0m:[36m70[0m - [33m[1m所有服务器连接失败[0m
[32m2026-09-23 00:35:57.862[0m | [33m[1mWARNING [0m | [36mdata_source[0m:[36mconnect[0m:[36m70[0m - [33m[1m所有服务器连接失败[0m
[32m2026-09-23 00:36:18.538[0m | [33m[1mWARNING [0m | [36mdata_source[0m:[36mconnect[0m:[36m70[0m - [33m[1m所有服务器连接失败[0m
[32m2026-09-23 00:36:39.257[0m | [33m[1mWARNING [0m | [36mdata_source[0m:[36mconnect[0m:[36m70[0m - [33m[1m所有服务器连接失败[0m
[32m2026-09-23 00:37:03.709[0m | [33m[1mWARNING [0m | [36mdata_source[0m:[36mconnect[0m:[36m70[0m - [33m[1m所有服务器连接失败[0m
[32m2026-09-23 00:37:17.136[0m | [1mINFO    [0m | [36msentiment_monitor[0m:[36mfetch_all_sources[0m:[36m262[0m - [1meastmoney 获取到 30 条新闻[0m
[32m2026-09-23 00:37:17.257[0m | [1mINFO    [0m | [36msentiment_monitor[0m:[36mfetch_all_sources[0m:[36m262[0m - [1msina 获取到 30 条新闻[0m
[32m2026-09-23 00:37:17.874[0m | [1mINFO    [0m | [36msentiment_monitor[0m:[36mfetch_all_sources[0m:[36m270[0m - [1m总共获取到 60 条舆情[0m
[32m2026-09-23 00:37:17.887[0m | [1mINFO    [0m | [36msentiment_monitor[0m:[36mprocess_news[0m:[36m312[0m - [1m保存了 35 条重要舆情到数据库[0m
[32m2026-09-23 00:37:29.866[0m | [33m[1mWARNING [0m | [36mdata_source[0m:[36mconnect[0m:[36m70[0m - [33m[1m所有服务器连接失败[0m
[32m2026-09-23 00:37:59.283[0m | [33m[1mWARNING [0m | [36mdata_source[0m:[36mconnect[0m:[36m70[0m - [33m[1m所有服务器连接失败[0m
[32m2026-09-23 00:38:19.954[0m | [33m[1mWARNING [0m | [36mdata_source[0m:[36mconnect[0m:[36m70[0m - [33m[1m所有服务器连接失败[0m
[32m2026-09-23 00:38:40.681[0m | [33m[1mWARNING [0m | [36mdata_source[0m:[36mconnect[0m:[36m70[0m - [33m[1m所有服务器连接失败[0m
[32m2026-09-23 00:39:05.256[0m | [33m[1mWARNING [0m | [36mdata_source[0m:[36mconnect[0m:[36m70[0m - [33m[1m所有服务器连接失败[0m
[32m2026-09-23 00:39:31.374[0m | [33m[1mWARNING [0m | [36mdata_source[0m:[36mconnect[0m:[36m70[0m - [33m[1m所有服务器连接失败[0m
[32m2026-09-23 00:40:00.690[0m | [33m[1mWARNING [0m | [36mdata_source[0m:[36mconnect[0m:[36m70[0m - [33m[1m所有服务器连接失败[0m
[32m2026-09-23 00:40:21.354[0m | [33m[1mWARNING [0m | [36mdata_source[0m:[36mconnect[0m:[36m70[0m - [33m[1m所有服务器连接失败[0m
[32m2026-09-23 00:40:42.020[0m | [33m[1mWARNING [0m | [36mdata_source[0m:[36mconnect[0m:[36m70[0m - [33m[1m所有服务器连接失败[0m
[32m2026-09-23 00:41:06.715[0m | [33m[1mWARNING [0m | [36mdata_source[0m:[36mconnect[0m:[36m70[0m - [33m[1m所有服务器连接失败[0m
[32m2026-09-23 00:41:32.697[0m | [33m[1mWARNING [0m | [36mdata_source[0m:[36mconnect[0m:[36m70[0m - [33m[1m所有服务器连接失败[0m
[32m2026-09-23 00:42:02.097[0m | [33m[1mWARNING [0m | [36mdata_source[0m:[36mconnect[0m:[36m70[0m - [33m[1m所有服务器连接失败[0m
[32m2026-09-23 00:42:23.644[0m | [33m[1mWARNING [0m | [36mdata_source[0m:[36mconnect[0m:[36m70[0m - [33m[1m所有服务器连接失败[0m
[32m2026-09-23 00:42:23.944[0m | [1mINFO    [0m | [36msentiment_monitor[0m:[36mfetch_all_sources[0m:[36m262[0m - [1meastmoney 获取到 30 条新闻[0m
[32m2026-09-23 00:42:24.320[0m | [1mINFO    [0m | [36msentiment_monitor[0m:[36mfetch_all_sources[0m:[36m262[0m - [1msina 获取到 30 条新闻[0m
[32m2026-09-23 00:42:26.048[0m | [1mINFO    [0m | [36msentiment_monitor[0m:[36mfetch_all_sources[0m:[36m262[0m - [1mfed 获取到 20 条新闻[0m
[32m2026-09-23 00:42:26.049[0m | [1mINFO    [0m | [36msentiment_monitor[0m:[36mfetch_all_sources[0m:[36m270[0m - [1m总共获取到 80 条舆情[0m
[32m2026-09-23 00:42:26.063[0m | [1mINFO    [0m | [36msentiment_monitor[0m:[36mprocess_news[0m:[36m312[0m - [1m保存了 37 条重要舆情到数据库[0m
[32m2026-09-23 00:42:44.896[0m | [33m[1mWARNING [0m | [36mdata_source[0m:[36mconnect[0m:[36m70[0m - [33m[1m所有服务器连接失败[0m
[32m2026-09-23 00:43:15.037[0m | [33m[1mWARNING [0m | [36mdata_source[0m:[36mconnect[0m:[36m70[0m - [33m[1m所有服务器连接失败[0m
[32m2026-09-23 00:44:05.143[0m | [33m[1mWARNING [0m | [36mdata_source[0m:[36mconnect[0m:[36m70[0m - [33m[1m所有服务器连接失败[0m
[32m2026-09-23 00:44:26.545[0m | [33m[1mWARNING [0m | [36mdata_source[0m:[36mconnect[0m:[36m70[0m - [33m[1m所有服务器连接失败[0m
[32m2026-09-23 00:44:47.982[0m | [33m[1mWARNING [0m | [36mdata_source[0m:[36mconnect[0m:[36m70[0m - [33m[1m所有服务器连接失败[0m
[32m2026-09-23 00:45:14.887[0m | [33m[1mWARNING [0m | [36mdata_source[0m:[36mconnect[0m:[36m70[0m - [33m[1m所有服务器连接失败[0m
[32m2026-09-23 00:45:39.382[0m | [33m[1mWARNING [0m | [36mdata_source[0m:[36mconnect[0m:[36m70[0m - [33m[1m所有服务器连接失败[0m
[32m2026-09-23 00:46:08.005[0m | [33m[1mWARNING [0m | [36mdata_source[0m:[36mconnect[0m:[36m70[0m - [33m[1m所有服务器连接失败[0m
[32m2026-09-23 00:46:29.871[0m | [33m[1mWARNING [0m | [36mdata_source[0m:[36mconnect[0m:[36m70[0m - [33m[1m所有服务器连接失败[0m
[32m2026-09-23 00:46:51.312[0m | [33m[1mWARNING [0m | [36mdata_source[0m:[36mconnect[0m:[36m70[0m - [33m[1m所有服务器连接失败[0m
[32m2026-09-23 00:47:17.319[0m | [33m[1mWARNING [0m | [36mdata_source[0m:[36mconnect[0m:[36m70[0m - [33m[1m所有服务器连接失败[0m
[32m2026-09-23 00:47:26.336[0m | [1mINFO    [0m | [36msentiment_monitor[0m:[36mfetch_all_sources[0m:[36m262[0m - [1meastmoney 获取到 30 条新闻[0m
[32m2026-09-23 00:47:26.604[0m | [1mINFO    [0m | [36msentiment_monitor[0m:[36mfetch_all_sources[0m:[36m262[0m - [1msina 获取到 30 条新闻[0m
[32m2026-09-23 00:47:27.573[0m | [1mINFO    [0m | [36msentiment_monitor[0m:[36mfetch_all_sources[0m:[36m262[0m - [1mfed 获取到 20 条新闻[0m
[32m2026-09-23 00:47:27.573[0m | [1mINFO    [0m | [36msentiment_monitor[0m:[36mfetch_all_sources[0m:[36m270[0m - [1m总共获取到 80 条舆情[0m
[32m2026-09-23 00:47:27.593[0m | [1mINFO    [0m | [36msentiment_monitor[0m:[36mprocess_news[0m:[36m312[0m - [1m保存了 37 条重要舆情到数据库[0m
[32m2026-09-23 00:47:43.265[0m | [33m[1mWARNING [0m | [36mdata_source[0m:[36mconnect[0m:[36m70[0m - [33m[1m所有服务器连接失败[0m
[32m2026-09-23 00:48:12.552[0m | [33m[1mWARNING [0m | [36mdata_source[0m:[36mconnect[0m:[36m70[0m - [33m[1m所有服务器连接失败[0m
[32m2026-09-23 00:48:33.901[0m | [33m[1mWARNING [0m | [36mdata_source[0m:[36mconnect[0m:[36m70[0m - [33m[1m所有服务器连接失败[0m
[32m2026-09-23 00:48:54.918[0m | [33m[1mWARNING [0m | [36mdata_source[0m:[36mconnect[0m:[36m70[0m - [33m[1m所有服务器连接失败[0m
[32m2026-09-23 00:49:25.198[0m | [33m[1mWARNING [0m | [36mdata_source[0m:[36mconnect[0m:[36m70[0m - [33m[1m所有服务器连接失败[0m
[32m2026-09-23 00:49:46.256[0m | [33m[1mWARNING [0m | [36mdata_source[0m:[36mconnect[0m:[36m70[0m - [33m[1m所有服务器连接失败[0m
[32m2026-09-23 00:50:07.729[0m | [33m[1mWARNING [0m | [36mdata_source[0m:[36mconnect[0m:[36m70[0m - [33m[1m所有服务器连接失败[0m
[32m2026-09-23 00:50:38.262[0m | [33m[1mWARNING [0m | [36mdata_source[0m:[36mconnect[0m:[36m70[0m - [33m[1m所有服务器连接失败[0m
[32m2026-09-23 00:50:59.753[0m | [33m[1mWARNING [0m | [36mdata_source[0m:[36mconnect[0m:[36m70[0m - [33m[1m所有服务器连接失败[0m
[32m2026-09-23 00:51:21.137[0m | [33m[1mWARNING [0m | [36mdata_source[0m:[36mconnect[0m:[36m70[0m - [33m[1m所有服务器连接失败[0m
[32m2026-09-23 00:51:47.564[0m | [33m[1mWARNING [0m | [36mdata_source[0m:[36mconnect[0m:[36m70[0m - [33m[1m所有服务器连接失败[0m
[32m2026-09-23 00:52:12.561[0m | [33m[1mWARNING [0m | [36mdata_source[0m:[36mconnect[0m:[36m70[0m - [33m[1m所有服务器连接失败[0m
[32m2026-09-23 00:52:40.892[0m | [33m[1mWARNING [0m | [36mdata_source[0m:[36mconnect[0m:[36m70[0m - [33m[1m所有服务器连接失败[0m
[32m2026-09-23 00:53:02.297[0m | [33m[1mWARNING [0m | [36mdata_source[0m:[36mconnect[0m:[36m70[0m - [33m[1m所有服务器连接失败[0m
[32m2026-09-23 00:53:02.599[0m | [1mINFO    [0m | [36msentiment_monitor[0m:[36mfetch_all_sources[0m:[36m262[0m - [1meastmoney 获取到 30 条新闻[0m
[32m2026-09-23 00:53:02.869[0m | [1mINFO    [0m | [36msentiment_monitor[0m:[36mfetch_all_sources[0m:[36m262[0m - [1msina 获取到 30 条新闻[0m
[32m2026-09-23 00:53:03.536[0m | [1mINFO    [0m | [36msentiment_monitor[0m:[36mfetch_all_sources[0m:[36m262[0m - [1mfed 获取到 20 条新闻[0m
[32m2026-09-23 00:53:03.536[0m | [1mINFO    [0m | [36msentiment_monitor[0m:[36mfetch_all_sources[0m:[36m270[0m - [1m总共获取到 80 条舆情[0m
[32m2026-09-23 00:53:03.555[0m | [1mINFO    [0m | [36msentiment_monitor[0m:[36mprocess_news[0m:[36m312[0m - [1m保存了 38 条重要舆情到数据库[0m
[32m2026-09-23 00:53:23.746[0m | [33m[1mWARNING [0m | [36mdata_source[0m:[36mconnect[0m:[36m70[0m - [33m[1m所有服务器连接失败[0m
[32m2026-09-23 00:53:50.495[0m | [33m[1mWARNING [0m | [36mdata_source[0m:[36mconnect[0m:[36m70[0m - [33m[1m所有服务器连接失败[0m
[32m2026-09-23 00:54:15.189[0m | [33m[1mWARNING [0m | [36mdata_source[0m:[36mconnect[0m:[36m70[0m - [33m[1m所有服务器连接失败[0m
[32m2026-09-23 00:54:43.401[0m | [33m[1mWARNING [0m | [36mdata_source[0m:[36mconnect[0m:[36m70[0m - [33m[1m所有服务器连接失败[0m
[32m2026-09-23 00:55:04.534[0m | [33m[1mWARNING [0m | [36mdata_source[0m:[36mconnect[0m:[36m70[0m - [33m[1m所有服务器连接失败[0m
[32m2026-09-23 00:55:25.901[0m | [33m[1mWARNING [0m | [36mdata_source[0m:[36mconnect[0m:[36m70[0m - [33m[1m所有服务器连接失败[0m
[32m2026-09-23 00:55:52.091[0m | [33m[1mWARNING [0m | [36mdata_source[0m:[36mconnect[0m:[36m70[0m - [33m[1m所有服务器连接失败[0m
[32m2026-09-23 00:56:17.312[0m | [33m[1mWARNING [0m | [36mdata_source[0m:[36mconnect[0m:[36m70[0m - [33m[1m所有服务器连接失败[0m
[32m2026-09-23 00:56:46.133[0m | [33m[1mWARNING [0m | [36mdata_source[0m:[36mconnect[0m:[36m70[0m - [33m[1m所有服务器连接失败[0m
[32m2026-09-23 00:57:07.213[0m | [33m[1mWARNING [0m | [36mdata_source[0m:[36mconnect[0m:[36m70[0m - [33m[1m所有服务器连接失败[0m
[32m2026-09-23 00:57:28.502[0m | [33m[1mWARNING [0m | [36mdata_source[0m:[36mconnect[0m:[36m70[0m - [33m[1m所有服务器连接失败[0m
[32m2026-09-23 00:57:55.979[0m | [33m[1mWARNING [0m | [36mdata_source[0m:[36mconnect[0m:[36m70[0m - [33m[1m所有服务器连接失败[0m
[32m2026-09-23 00:58:03.797[0m | [1mINFO    [0m | [36msentiment_monitor[0m:[36mfetch_all_sources[0m:[36m262[0m - [1meastmoney 获取到 30 条新闻[0m
[32m2026-09-23 00:58:04.082[0m | [1mINFO    [0m | [36msentiment_monitor[0m:[36mfetch_all_sources[0m:[36m262[0m - [1msina 获取到 30 条新闻[0m
[32m2026-09-23 00:58:04.769[0m | [1mINFO    [0m | [36msentiment_monitor[0m:[36mfetch_all_sources[0m:[36m262[0m - [1mfed 获取到 20 条新闻[0m
[32m2026-09-23 00:58:04.769[0m | [1mINFO    [0m | [36msentiment_monitor[0m:[36mfetch_all_sources[0m:[36m270[0m - [1m总共获取到 80 条舆情[0m
[32m2026-09-23 00:58:04.783[0m | [1mINFO    [0m | [36msentiment_monitor[0m:[36mprocess_news[0m:[36m312[0m - [1m保存了 38 条重要舆情到数据库[0m
[32m2026-09-23 00:58:19.896[0m | [33m[1mWARNING [0m | [36mdata_source[0m:[36mconnect[0m:[36m70[0m - [33m[1m所有服务器连接失败[0m
[32m2026-09-23 00:58:48.699[0m | [33m[1mWARNING [0m | [36mdata_source[0m:[36mconnect[0m:[36m70[0m - [33m[1m所有服务器连接失败[0m
[32m2026-09-23 00:59:09.971[0m | [33m[1mWARNING [0m | [36mdata_source[0m:[36mconnect[0m:[36m70[0m - [33m[1m所有服务器连接失败[0m
[32m2026-09-23 00:59:31.003[0m | [33m[1mWARNING [0m | [36mdata_source[0m:[36mconnect[0m:[36m70[0m - [33m[1m所有服务器连接失败[0m
[32m2026-09-23 00:59:57.459[0m | [33m[1mWARNING [0m | [36mdata_source[0m:[36mconnect[0m:[36m70[0m - [33m[1m所有服务器连接失败[0m
[32m2026-09-23 01:00:22.723[0m | [33m[1mWARNING [0m | [36mdata_source[0m:[36mconnect[0m:[36m70[0m - [33m[1m所有服务器连接失败[0m
[32m2026-09-23 01:00:51.438[0m | [33m[1mWARNING [0m | [36mdata_source[0m:[36mconnect[0m:[36m70[0m - [33m[1m所有服务器连接失败[0m
[32m2026-09-23 01:01:12.907[0m | [33m[1mWARNING [0m | [36mdata_source[0m:[36mconnect[0m:[36m70[0m - [33m[1m所有服务器连接失败[0m
[32m2026-09-23 01:01:34.324[0m | [33m[1mWARNING [0m | [36mdata_source[0m:[36mconnect[0m:[36m70[0m - [33m[1m所有服务器连接失败[0m
[32m2026-09-23 01:02:04.371[0m | [33m[1mWARNING [0m | [36mdata_source[0m:[36mconnect[0m:[36m70[0m - [33m[1m所有服务器连接失败[0m
[32m2026-09-23 01:02:25.767[0m | [33m[1mWARNING [0m | [36mdata_source[0m:[36mconnect[0m:[36m70[0m - [33m[1m所有服务器连接失败[0m
[32m2026-09-23 01:02:47.141[0m | [33m[1mWARNING [0m | [36mdata_source[0m:[36mconnect[0m:[36m70[0m - [33m[1m所有服务器连接失败[0m
[32m2026-09-23 01:03:17.047[0m | [33m[1mWARNING [0m | [36mdata_source[0m:[36mconnect[0m:[36m70[0m - [33m[1m所有服务器连接失败[0m
[32m2026-09-23 01:03:39.072[0m | [33m[1mWARNING [0m | [36mdata_source[0m:[36mconnect[0m:[36m70[0m - [33m[1m所有服务器连接失败[0m
[32m2026-09-23 01:03:39.325[0m | [1mINFO    [0m | [36msentiment_monitor[0m:[36mfetch_all_sources[0m:[36m262[0m - [1meastmoney 获取到 30 条新闻[0m
[32m2026-09-23 01:03:39.580[0m | [1mINFO    [0m | [36msentiment_monitor[0m:[36mfetch_all_sources[0m:[36m262[0m - [1msina 获取到 30 条新闻[0m
[32m2026-09-23 01:03:40.250[0m | [1mINFO    [0m | [36msentiment_monitor[0m:[36mfetch_all_sources[0m:[36m262[0m - [1mfed 获取到 20 条新闻[0m
[32m2026-09-23 01:03:40.251[0m | [1mINFO    [0m | [36msentiment_monitor[0m:[36mfetch_all_sources[0m:[36m270[0m - [1m总共获取到 80 条舆情[0m
[32m2026-09-23 01:03:40.267[0m | [1mINFO    [0m | [36msentiment_monitor[0m:[36mprocess_news[0m:[36m312[0m - [1m保存了 39 条重要舆情到数据库[0m
[32m2026-09-23 01:04:00.416[0m | [33m[1mWARNING [0m | [36mdata_source[0m:[36mconnect[0m:[36m70[0m - [33m[1m所有服务器连接失败[0m
[32m2026-09-23 01:04:26.130[0m | [33m[1mWARNING [0m | [36mdata_source[0m:[36mconnect[0m:[36m70[0m - [33m[1m所有服务器连接失败[0m
[32m2026-09-23 01:04:51.818[0m | [33m[1mWARNING [0m | [36mdata_source[0m:[36mconnect[0m:[36m70[0m - [33m[1m所有服务器连接失败[0m
[32m2026-09-23 01:05:20.334[0m | [33m[1mWARNING [0m | [36mdata_source[0m:[36mconnect[0m:[36m70[0m - [33m[1m所有服务器连接失败[0m
[32m2026-09-23 01:05:41.482[0m | [33m[1mWARNING [0m | [36mdata_source[0m:[36mconnect[0m:[36m70[0m - [33m[1m所有服务器连接失败[0m
[32m2026-09-23 01:06:02.925[0m | [33m[1mWARNING [0m | [36mdata_source[0m:[36mconnect[0m:[36m70[0m - [33m[1m所有服务器连接失败[0m
[32m2026-09-23 01:06:32.623[0m | [33m[1mWARNING [0m | [36mdata_source[0m:[36mconnect[0m:[36m70[0m - [33m[1m所有服务器连接失败[0m
[32m2026-09-23 01:06:53.905[0m | [33m[1mWARNING [0m | [36mdata_source[0m:[36mconnect[0m:[36m70[0m - [33m[1m所有服务器连接失败[0m
[32m2026-09-23 01:07:15.318[0m | [33m[1mWARNING [0m | [36mdata_source[0m:[36mconnect[0m:[36m70[0m - [33m[1m所有服务器连接失败[0m
[32m2026-09-23 01:07:45.025[0m | [33m[1mWARNING [0m | [36mdata_source[0m:[36mconnect[0m:[36m70[0m - [33m[1m所有服务器连接失败[0m
[32m2026-09-23 01:08:06.415[0m | [33m[1mWARNING [0m | [36mdata_source[0m:[36mconnect[0m:[36m70[0m - [33m[1m所有服务器连接失败[0m
[32m2026-09-23 01:08:27.529[0m | [33m[1mWARNING [0m | [36mdata_source[0m:[36mconnect[0m:[36m70[0m - [33m[1m所有服务器连接失败[0m
[32m2026-09-23 01:08:54.648[0m | [33m[1mWARNING [0m | [36mdata_source[0m:[36mconnect[0m:[36m70[0m - [33m[1m所有服务器连接失败[0m
[32m2026-09-23 01:08:56.672[0m | [1mINFO    [0m | [36msentiment_monitor[0m:[36mfetch_all_sources[0m:[36m262[0m - [1meastmoney 获取到 30 条新闻[0m
[32m2026-09-23 01:08:56.862[0m | [1mINFO    [0m | [36msentiment_monitor[0m:[36mfetch_all_sources[0m:[36m262[0m - [1msina 获取到 30 条新闻[0m
[32m2026-09-23 01:08:57.766[0m | [1mINFO    [0m | [36msentiment_monitor[0m:[36mfetch_all_sources[0m:[36m262[0m - [1mfed 获取到 20 条新闻[0m
[32m2026-09-23 01:08:57.766[0m | [1mINFO    [0m | [36msentiment_monitor[0m:[36mfetch_all_sources[0m:[36m270[0m - [1m总共获取到 80 条舆情[0m
[32m2026-09-23 01:08:57.782[0m | [1mINFO    [0m | [36msentiment_monitor[0m:[36mprocess_news[0m:[36m312[0m - [1m保存了 39 条重要舆情到数据库[0m
[32m2026-09-23 01:09:19.021[0m | [33m[1mWARNING [0m | [36mdata_source[0m:[36mconnect[0m:[36m70[0m - [33m[1m所有服务器连接失败[0m
[32m2026-09-23 01:09:47.503[0m | [33m[1mWARNING [0m | [36mdata_source[0m:[36mconnect[0m:[36m70[0m - [33m[1m所有服务器连接失败[0m
[32m2026-09-23 01:10:08.861[0m | [33m[1mWARNING [0m | [36mdata_source[0m:[36mconnect[0m:[36m70[0m - [33m[1m所有服务器连接失败[0m
[32m2026-09-23 01:10:08.928[0m | [33m[1mWARNING [0m | [36msystem_api[0m:[36mrestart_backend[0m:[36m382[0m - [33m[1m后端自重启（端口 8765），helper 将在3秒后拉起新进程[0m
[01:10:09] helper started
[32m2026-09-23 01:10:23.905[0m | [1mINFO    [0m | [36mmain[0m:[36mlifespan[0m:[36m142[0m - [1mDSH 股票后端启动...[0m
[32m2026-09-23 01:10:23.908[0m | [1mINFO    [0m | [36mmain[0m:[36mlifespan[0m:[36m146[0m - [1m数据目录: C:\Users\mark\.dsh\stock-data[0m
[32m2026-09-23 01:10:23.908[0m | [1mINFO    [0m | [36malert_engine[0m:[36mload[0m:[36m68[0m - [1m加载 3 持仓，1 预警规则，41 条历史[0m
[32m2026-09-23 01:10:23.909[0m | [1mINFO    [0m | [36mmain[0m:[36mlifespan[0m:[36m152[0m - [1m行情连接将在后台建立（不阻塞启动）[0m
[32m2026-09-23 01:10:23.910[0m | [1mINFO    [0m | [36mkpl[0m:[36mstart_snapshot_loop[0m:[36m880[0m - [1mKPL 自选行情快照循环已启动（2.5s/只）[0m
[32m2026-09-23 01:10:23.911[0m | [1mINFO    [0m | [36msentiment_db[0m:[36m_connect[0m:[36m48[0m - [1m舆情数据库连接成功: C:\Users\mark\.dsh\stock-data\sentiment.db[0m
[32m2026-09-23 01:10:23.915[0m | [1mINFO    [0m | [36msentiment_db[0m:[36m_init_tables[0m:[36m254[0m - [1m舆情数据库表结构初始化完成[0m
[32m2026-09-23 01:10:23.916[0m | [1mINFO    [0m | [36muser_keywords[0m:[36m_load_data[0m:[36m45[0m - [1m用户关键词数据加载成功: 0 条[0m
[32m2026-09-23 01:10:23.916[0m | [1mINFO    [0m | [36mnews_filter[0m:[36m__init__[0m:[36m30[0m - [1m使用SentimentKeywords关键词库和UserKeywords[0m
[32m2026-09-23 01:10:23.916[0m | [1mINFO    [0m | [36mimpact_analyzer[0m:[36m_connect[0m:[36m61[0m - [1m影响分析器连接成功[0m
[32m2026-09-23 01:10:23.916[0m | [1mINFO    [0m | [36msentiment_monitor[0m:[36mstart[0m:[36m424[0m - [1m舆情监控已启动[0m
[32m2026-09-23 01:10:23.919[0m | [1mINFO    [0m | [36malert_engine[0m:[36mrun_loop[0m:[36m350[0m - [1m预警引擎启动（间隔 30s，冷却 300s）[0m
[32m2026-09-23 01:10:29.978[0m | [1mINFO    [0m | [36mscreener[0m:[36mdb_load_all[0m:[36m238[0m - [1mK线库载入 5247 只（6.1s，1477574 行）[0m
[32m2026-09-23 01:10:44.258[0m | [1mINFO    [0m | [36msentiment_monitor[0m:[36mmonitor_loop[0m:[36m391[0m - [1m舆情监控循环启动，间隔: 300秒[0m
[32m2026-09-23 01:10:44.260[0m | [1mINFO    [0m | [36mevolution_loop[0m:[36mevolution_loop[0m:[36m310[0m - [1m进化循环启动（每日16:30后执行，检查间隔3600秒）[0m
[32m2026-09-23 01:10:44.435[0m | [1mINFO    [0m | [36mws_manager[0m:[36mconnect[0m:[36m26[0m - [1mWebSocket 已连接，当前连接数: 1[0m
[32m2026-09-23 01:10:44.438[0m | [1mINFO    [0m | [36msentiment_monitor[0m:[36mfetch_all_sources[0m:[36m262[0m - [1meastmoney 获取到 30 条新闻[0m
[32m2026-09-23 01:10:44.631[0m | [33m[1mWARNING [0m | [36mdata_source[0m:[36mconnect[0m:[36m70[0m - [33m[1m所有服务器连接失败[0m
[32m2026-09-23 01:10:44.641[0m | [1mINFO    [0m | [36msentiment_monitor[0m:[36mfetch_all_sources[0m:[36m262[0m - [1msina 获取到 30 条新闻[0m
[32m2026-09-23 01:10:45.485[0m | [1mINFO    [0m | [36msentiment_monitor[0m:[36mfetch_all_sources[0m:[36m262[0m - [1mfed 获取到 20 条新闻[0m
[32m2026-09-23 01:10:45.485[0m | [1mINFO    [0m | [36msentiment_monitor[0m:[36mfetch_all_sources[0m:[36m270[0m - [1m总共获取到 80 条舆情[0m
[32m2026-09-23 01:10:45.557[0m | [1mINFO    [0m | [36msentiment_monitor[0m:[36mprocess_news[0m:[36m312[0m - [1m保存了 40 条重要舆情到数据库[0m
[32m2026-09-23 01:11:03.646[0m | [1mINFO    [0m | [36mkpl[0m:[36m_loop[0m:[36m852[0m - [1mKPL 首页缓存预热完成[0m
[32m2026-09-23 01:11:07.088[0m | [33m[1mWARNING [0m | [36mdata_source[0m:[36mconnect[0m:[36m70[0m - [33m[1m所有服务器连接失败[0m
[32m2026-09-23 01:11:27.761[0m | [33m[1mWARNING [0m | [36mdata_source[0m:[36mconnect[0m:[36m70[0m - [33m[1m所有服务器连接失败[0m
[32m2026-09-23 01:11:37.837[0m | [1mINFO    [0m | [36mscreener[0m:[36mload_local_tdx[0m:[36m405[0m - [1m本地通达信载入 5247 只（67.7s，目录 D:\app\tdx\vipdoc）[0m
[32m2026-09-23 01:11:51.045[0m | [33m[1mWARNING [0m | [36mdata_source[0m:[36mconnect[0m:[36m70[0m - [33m[1m所有服务器连接失败[0m
[32m2026-09-23 01:12:25.026[0m | [33m[1mWARNING [0m | [36mdata_source[0m:[36mconnect[0m:[36m70[0m - [33m[1m所有服务器连接失败[0m
[32m2026-09-23 01:12:45.721[0m | [33m[1mWARNING [0m | [36mdata_source[0m:[36mconnect[0m:[36m70[0m - [33m[1m所有服务器连接失败[0m
[32m2026-09-23 01:13:06.355[0m | [33m[1mWARNING [0m | [36mdata_source[0m:[36mconnect[0m:[36m70[0m - [33m[1m所有服务器连接失败[0m
[32m2026-09-23 01:13:36.390[0m | [33m[1mWARNING [0m | [36mdata_source[0m:[36mconnect[0m:[36m70[0m - [33m[1m所有服务器连接失败[0m
[20:24:39] helper started
[32m2026-10-02 20:24:43.767[0m | [1mINFO    [0m | [36mmain[0m:[36mlifespan[0m:[36m149[0m - [1mDSH 股票后端启动...[0m
[32m2026-10-02 20:24:43.767[0m | [1mINFO    [0m | [36mmain[0m:[36mlifespan[0m:[36m153[0m - [1m数据目录: C:\Users\mark\.dsh\stock-data[0m
[32m2026-10-02 20:24:43.768[0m | [1mINFO    [0m | [36malert_engine[0m:[36mload[0m:[36m68[0m - [1m加载 3 持仓，1 预警规则，41 条历史[0m
[32m2026-10-02 20:24:43.768[0m | [1mINFO    [0m | [36mmain[0m:[36mlifespan[0m:[36m159[0m - [1m行情连接将在后台建立（不阻塞启动）[0m
[32m2026-10-02 20:24:43.769[0m | [1mINFO    [0m | [36mkpl[0m:[36mstart_snapshot_loop[0m:[36m2360[0m - [1mKPL 自选行情快照循环已启动（2.5s/只）[0m
[32m2026-10-02 20:24:43.770[0m | [1mINFO    [0m | [36msentiment_db[0m:[36m_connect[0m:[36m48[0m - [1m舆情数据库连接成功: C:\Users\mark\.dsh\stock-data\sentiment.db[0m
[32m2026-10-02 20:24:43.785[0m | [1mINFO    [0m | [36msentiment_db[0m:[36m_init_tables[0m:[36m254[0m - [1m舆情数据库表结构初始化完成[0m
[32m2026-10-02 20:24:43.786[0m | [1mINFO    [0m | [36muser_keywords[0m:[36m_load_data[0m:[36m45[0m - [1m用户关键词数据加载成功: 0 条[0m
[32m2026-10-02 20:24:43.787[0m | [1mINFO    [0m | [36mnews_filter[0m:[36m__init__[0m:[36m30[0m - [1m使用SentimentKeywords关键词库和UserKeywords[0m
[32m2026-10-02 20:24:43.787[0m | [1mINFO    [0m | [36mimpact_analyzer[0m:[36m_connect[0m:[36m61[0m - [1m影响分析器连接成功[0m
[32m2026-10-02 20:24:43.787[0m | [1mINFO    [0m | [36msentiment_monitor[0m:[36mstart[0m:[36m424[0m - [1m舆情监控已启动[0m
[32m2026-10-02 20:24:43.788[0m | [1mINFO    [0m | [36malert_engine[0m:[36mrun_loop[0m:[36m352[0m - [1m预警引擎启动（间隔 30s，冷却 300s）[0m
[32m2026-10-02 20:24:43.791[0m | [1mINFO    [0m | [36msentiment_monitor[0m:[36mmonitor_loop[0m:[36m391[0m - [1m舆情监控循环启动，间隔: 300秒[0m
[32m2026-10-02 20:24:43.792[0m | [1mINFO    [0m | [36mevolution_loop[0m:[36mevolution_loop[0m:[36m310[0m - [1m进化循环启动（每日16:30后执行，检查间隔3600秒）[0m
[32m2026-10-02 20:24:43.793[0m | [1mINFO    [0m | [36mevolution_loop[0m:[36mevolution_loop[0m:[36m320[0m - [1m进化任务开始: calendar[0m
[32m2026-10-02 20:24:43.797[0m | [1mINFO    [0m | [36mevolution_loop[0m:[36mevolution_loop[0m:[36m322[0m - [1m进化任务完成: calendar → {'stale': False, 'fetched': 0, 'max_event_date': '2026-10-31', 'include_past': 0}[0m
[32m2026-10-02 20:24:43.992[0m | [1mINFO    [0m | [36msentiment_monitor[0m:[36mfetch_all_sources[0m:[36m262[0m - [1meastmoney 获取到 30 条新闻[0m
[32m2026-10-02 20:24:44.694[0m | [1mINFO    [0m | [36msentiment_monitor[0m:[36mfetch_all_sources[0m:[36m262[0m - [1msina 获取到 30 条新闻[0m
[32m2026-10-02 20:24:45.344[0m | [1mINFO    [0m | [36msentiment_monitor[0m:[36mfetch_all_sources[0m:[36m262[0m - [1mfed 获取到 20 条新闻[0m
[32m2026-10-02 20:24:45.344[0m | [1mINFO    [0m | [36msentiment_monitor[0m:[36mfetch_all_sources[0m:[36m270[0m - [1m总共获取到 80 条舆情[0m
[32m2026-10-02 20:24:45.366[0m | [1mINFO    [0m | [36msentiment_monitor[0m:[36mprocess_news[0m:[36m312[0m - [1m保存了 36 条重要舆情到数据库[0m
[32m2026-10-02 20:24:50.023[0m | [1mINFO    [0m | [36mscreener[0m:[36mdb_load_all[0m:[36m238[0m - [1mK线库载入 5247 只（6.3s，1477574 行）[0m
[32m2026-10-02 20:25:06.121[0m | [33m[1mWARNING [0m | [36mdata_source[0m:[36mconnect[0m:[36m70[0m - [33m[1m所有服务器连接失败[0m
[32m2026-10-02 20:25:27.546[0m | [1mINFO    [0m | [36mscreener[0m:[36mload_local_tdx[0m:[36m405[0m - [1m本地通达信载入 5247 只（37.4s，目录 D:\app\tdx\vipdoc）[0m
[32m2026-10-02 20:25:28.264[0m | [33m[1mWARNING [0m | [36mdata_source[0m:[36mconnect[0m:[36m70[0m - [33m[1m所有服务器连接失败[0m
[32m2026-10-02 20:25:32.890[0m | [1mINFO    [0m | [36mkpl_socket[0m:[36mconnect[0m:[36m542[0m - [1mKPL Socket: 已鉴权连接 124.71.166.244:8080[0m
[32m2026-10-02 20:25:40.066[0m | [1mINFO    [0m | [36mkpl[0m:[36m_loop[0m:[36m2332[0m - [1mKPL 首页缓存预热完成[0m
[32m2026-10-02 20:25:46.891[0m | [1mINFO    [0m | [36mkpl_socket[0m:[36m_heartbeat[0m:[36m682[0m - [1mKPL 心跳线程退出(存活14s)[0m
[32m2026-10-02 20:25:49.623[0m | [1mINFO    [0m | [36mkpl_socket[0m:[36mconnect[0m:[36m542[0m - [1mKPL Socket: 已鉴权连接 124.71.166.244:8080[0m
[32m2026-10-02 20:26:07.786[0m | [33m[1mWARNING [0m | [36msystem_api[0m:[36mrestart_backend[0m:[36m382[0m - [33m[1m后端自重启（端口 8765），helper 将在3秒后拉起新进程[0m
[20:26:07] helper started
[32m2026-10-02 20:26:12.034[0m | [1mINFO    [0m | [36mmain[0m:[36mlifespan[0m:[36m149[0m - [1mDSH 股票后端启动...[0m
[32m2026-10-02 20:26:12.035[0m | [1mINFO    [0m | [36mmain[0m:[36mlifespan[0m:[36m153[0m - [1m数据目录: C:\Users\mark\.dsh\stock-data[0m
[32m2026-10-02 20:26:12.036[0m | [1mINFO    [0m | [36malert_engine[0m:[36mload[0m:[36m68[0m - [1m加载 3 持仓，1 预警规则，41 条历史[0m
[32m2026-10-02 20:26:12.036[0m | [1mINFO    [0m | [36mmain[0m:[36mlifespan[0m:[36m159[0m - [1m行情连接将在后台建立（不阻塞启动）[0m
[32m2026-10-02 20:26:12.037[0m | [1mINFO    [0m | [36mkpl[0m:[36mstart_snapshot_loop[0m:[36m2360[0m - [1mKPL 自选行情快照循环已启动（2.5s/只）[0m
[32m2026-10-02 20:26:12.038[0m | [1mINFO    [0m | [36msentiment_db[0m:[36m_connect[0m:[36m48[0m - [1m舆情数据库连接成功: C:\Users\mark\.dsh\stock-data\sentiment.db[0m
[32m2026-10-02 20:26:12.053[0m | [1mINFO    [0m | [36msentiment_db[0m:[36m_init_tables[0m:[36m254[0m - [1m舆情数据库表结构初始化完成[0m
[32m2026-10-02 20:26:12.053[0m | [1mINFO    [0m | [36muser_keywords[0m:[36m_load_data[0m:[36m45[0m - [1m用户关键词数据加载成功: 0 条[0m
[32m2026-10-02 20:26:12.053[0m | [1mINFO    [0m | [36mnews_filter[0m:[36m__init__[0m:[36m30[0m - [1m使用SentimentKeywords关键词库和UserKeywords[0m
[32m2026-10-02 20:26:12.054[0m | [1mINFO    [0m | [36mimpact_analyzer[0m:[36m_connect[0m:[36m61[0m - [1m影响分析器连接成功[0m
[32m2026-10-02 20:26:12.054[0m | [1mINFO    [0m | [36msentiment_monitor[0m:[36mstart[0m:[36m424[0m - [1m舆情监控已启动[0m
[32m2026-10-02 20:26:12.056[0m | [1mINFO    [0m | [36malert_engine[0m:[36mrun_loop[0m:[36m352[0m - [1m预警引擎启动（间隔 30s，冷却 300s）[0m
[32m2026-10-02 20:26:12.057[0m | [1mINFO    [0m | [36msentiment_monitor[0m:[36mmonitor_loop[0m:[36m391[0m - [1m舆情监控循环启动，间隔: 300秒[0m
[32m2026-10-02 20:26:12.058[0m | [1mINFO    [0m | [36mevolution_loop[0m:[36mevolution_loop[0m:[36m310[0m - [1m进化循环启动（每日16:30后执行，检查间隔3600秒）[0m
[32m2026-10-02 20:26:12.059[0m | [1mINFO    [0m | [36mevolution_loop[0m:[36mevolution_loop[0m:[36m320[0m - [1m进化任务开始: calendar[0m
[32m2026-10-02 20:26:12.065[0m | [1mINFO    [0m | [36mevolution_loop[0m:[36mevolution_loop[0m:[36m322[0m - [1m进化任务完成: calendar → {'stale': False, 'fetched': 0, 'max_event_date': '2026-10-31', 'include_past': 0}[0m
[32m2026-10-02 20:26:12.242[0m | [1mINFO    [0m | [36msentiment_monitor[0m:[36mfetch_all_sources[0m:[36m262[0m - [1meastmoney 获取到 30 条新闻[0m
[32m2026-10-02 20:26:12.410[0m | [1mINFO    [0m | [36msentiment_monitor[0m:[36mfetch_all_sources[0m:[36m262[0m - [1msina 获取到 30 条新闻[0m
[32m2026-10-02 20:26:12.987[0m | [1mINFO    [0m | [36msentiment_monitor[0m:[36mfetch_all_sources[0m:[36m262[0m - [1mfed 获取到 20 条新闻[0m
[32m2026-10-02 20:26:12.987[0m | [1mINFO    [0m | [36msentiment_monitor[0m:[36mfetch_all_sources[0m:[36m270[0m - [1m总共获取到 80 条舆情[0m
[32m2026-10-02 20:26:13.009[0m | [1mINFO    [0m | [36msentiment_monitor[0m:[36mprocess_news[0m:[36m312[0m - [1m保存了 36 条重要舆情到数据库[0m
[32m2026-10-02 20:26:15.183[0m | [1mINFO    [0m | [36mkpl[0m:[36m_loop[0m:[36m2332[0m - [1mKPL 首页缓存预热完成[0m
[32m2026-10-02 20:26:18.160[0m | [1mINFO    [0m | [36mscreener[0m:[36mdb_load_all[0m:[36m238[0m - [1mK线库载入 5247 只（6.1s，1477574 行）[0m
[32m2026-10-02 20:26:36.675[0m | [33m[1mWARNING [0m | [36mdata_source[0m:[36mconnect[0m:[36m70[0m - [33m[1m所有服务器连接失败[0m
[32m2026-10-02 20:26:56.510[0m | [1mINFO    [0m | [36mscreener[0m:[36mload_local_tdx[0m:[36m405[0m - [1m本地通达信载入 5247 只（38.2s，目录 D:\app\tdx\vipdoc）[0m
[32m2026-10-02 20:26:57.546[0m | [33m[1mWARNING [0m | [36mdata_source[0m:[36mconnect[0m:[36m70[0m - [33m[1m所有服务器连接失败[0m
[32m2026-10-02 20:27:01.128[0m | [1mINFO    [0m | [36mkpl_socket[0m:[36mconnect[0m:[36m542[0m - [1mKPL Socket: 已鉴权连接 124.71.166.244:8080[0m
[32m2026-10-02 20:27:49.320[0m | [33m[1mWARNING [0m | [36mdata_source[0m:[36mconnect[0m:[36m70[0m - [33m[1m所有服务器连接失败[0m
[32m2026-10-02 20:28:10.070[0m | [33m[1mWARNING [0m | [36mdata_source[0m:[36mconnect[0m:[36m70[0m - [33m[1m所有服务器连接失败[0m
[32m2026-10-02 20:28:38.730[0m | [33m[1mWARNING [0m | [36mdata_source[0m:[36mconnect[0m:[36m70[0m - [33m[1m所有服务器连接失败[0m
[32m2026-10-02 20:29:01.896[0m | [33m[1mWARNING [0m | [36mdata_source[0m:[36mconnect[0m:[36m70[0m - [33m[1m所有服务器连接失败[0m
[32m2026-10-02 20:29:29.495[0m | [33m[1mWARNING [0m | [36mdata_source[0m:[36mconnect[0m:[36m70[0m - [33m[1m所有服务器连接失败[0m
[32m2026-10-02 20:30:06.345[0m | [33m[1mWARNING [0m | [36mdata_source[0m:[36mconnect[0m:[36m70[0m - [33m[1m所有服务器连接失败[0m
[32m2026-10-02 20:30:27.038[0m | [33m[1mWARNING [0m | [36mdata_source[0m:[36mconnect[0m:[36m70[0m - [33m[1m所有服务器连接失败[0m
[32m2026-10-02 20:30:53.145[0m | [33m[1mWARNING [0m | [36mdata_source[0m:[36mconnect[0m:[36m70[0m - [33m[1m所有服务器连接失败[0m
[32m2026-10-02 20:31:13.168[0m | [1mINFO    [0m | [36msentiment_monitor[0m:[36mfetch_all_sources[0m:[36m262[0m - [1meastmoney 获取到 30 条新闻[0m
[32m2026-10-02 20:31:13.599[0m | [1mINFO    [0m | [36msentiment_monitor[0m:[36mfetch_all_sources[0m:[36m262[0m - [1msina 获取到 30 条新闻[0m
[32m2026-10-02 20:31:15.243[0m | [1mINFO    [0m | [36msentiment_monitor[0m:[36mfetch_all_sources[0m:[36m262[0m - [1mfed 获取到 20 条新闻[0m
[32m2026-10-02 20:31:15.243[0m | [1mINFO    [0m | [36msentiment_monitor[0m:[36mfetch_all_sources[0m:[36m270[0m - [1m总共获取到 80 条舆情[0m
[32m2026-10-02 20:31:15.261[0m | [1mINFO    [0m | [36msentiment_monitor[0m:[36mprocess_news[0m:[36m312[0m - [1m保存了 36 条重要舆情到数据库[0m
[32m2026-10-02 20:31:26.326[0m | [33m[1mWARNING [0m | [36mdata_source[0m:[36mconnect[0m:[36m70[0m - [33m[1m所有服务器连接失败[0m
[32m2026-10-02 20:32:22.764[0m | [33m[1mWARNING [0m | [36mdata_source[0m:[36mconnect[0m:[36m70[0m - [33m[1m所有服务器连接失败[0m
[32m2026-10-02 20:32:44.291[0m | [33m[1mWARNING [0m | [36mdata_source[0m:[36mconnect[0m:[36m70[0m - [33m[1m所有服务器连接失败[0m
[32m2026-10-02 20:33:37.736[0m | [33m[1mWARNING [0m | [36mdata_source[0m:[36mconnect[0m:[36m70[0m - [33m[1m所有服务器连接失败[0m
[32m2026-10-02 20:33:58.870[0m | [33m[1mWARNING [0m | [36mdata_source[0m:[36mconnect[0m:[36m70[0m - [33m[1m所有服务器连接失败[0m
[32m2026-10-02 20:34:52.442[0m | [33m[1mWARNING [0m | [36mdata_source[0m:[36mconnect[0m:[36m70[0m - [33m[1m所有服务器连接失败[0m
[32m2026-10-02 20:35:13.514[0m | [33m[1mWARNING [0m | [36mdata_source[0m:[36mconnect[0m:[36m70[0m - [33m[1m所有服务器连接失败[0m
[32m2026-10-02 20:35:35.035[0m | [33m[1mWARNING [0m | [36mdata_source[0m:[36mconnect[0m:[36m70[0m - [33m[1m所有服务器连接失败[0m
[32m2026-10-02 20:35:55.978[0m | [33m[1mWARNING [0m | [36mdata_source[0m:[36mconnect[0m:[36m70[0m - [33m[1m所有服务器连接失败[0m
[32m2026-10-02 20:36:15.459[0m | [1mINFO    [0m | [36msentiment_monitor[0m:[36mfetch_all_sources[0m:[36m262[0m - [1meastmoney 获取到 30 条新闻[0m
[32m2026-10-02 20:36:16.214[0m | [1mINFO    [0m | [36msentiment_monitor[0m:[36mfetch_all_sources[0m:[36m262[0m - [1msina 获取到 30 条新闻[0m
[32m2026-10-02 20:36:16.740[0m | [1mINFO    [0m | [36msentiment_monitor[0m:[36mfetch_all_sources[0m:[36m262[0m - [1mfed 获取到 20 条新闻[0m
[32m2026-10-02 20:36:16.740[0m | [1mINFO    [0m | [36msentiment_monitor[0m:[36mfetch_all_sources[0m:[36m270[0m - [1m总共获取到 80 条舆情[0m
[32m2026-10-02 20:36:16.774[0m | [1mINFO    [0m | [36msentiment_monitor[0m:[36mprocess_news[0m:[36m312[0m - [1m保存了 39 条重要舆情到数据库[0m
[32m2026-10-02 20:36:16.775[0m | [1mINFO    [0m | [36msentiment_monitor[0m:[36mbroadcast_sentiment[0m:[36m383[0m - [1m推送了 1 条个性化舆情[0m
[32m2026-10-02 20:36:20.414[0m | [33m[1mWARNING [0m | [36mdata_source[0m:[36mconnect[0m:[36m70[0m - [33m[1m所有服务器连接失败[0m
[32m2026-10-02 20:37:01.033[0m | [33m[1mWARNING [0m | [36mdata_source[0m:[36mconnect[0m:[36m70[0m - [33m[1m所有服务器连接失败[0m
[32m2026-10-02 20:37:22.056[0m | [33m[1mWARNING [0m | [36mdata_source[0m:[36mconnect[0m:[36m70[0m - [33m[1m所有服务器连接失败[0m
[32m2026-10-02 20:37:45.947[0m | [33m[1mWARNING [0m | [36mdata_source[0m:[36mconnect[0m:[36m70[0m - [33m[1m所有服务器连接失败[0m
[32m2026-10-02 20:38:07.688[0m | [33m[1mWARNING [0m | [36mdata_source[0m:[36mconnect[0m:[36m70[0m - [33m[1m所有服务器连接失败[0m
[32m2026-10-02 20:38:32.545[0m | [33m[1mWARNING [0m | [36mdata_source[0m:[36mconnect[0m:[36m70[0m - [33m[1m所有服务器连接失败[0m
[32m2026-10-02 20:39:03.082[0m | [33m[1mWARNING [0m | [36mdata_source[0m:[36mconnect[0m:[36m70[0m - [33m[1m所有服务器连接失败[0m
[32m2026-10-02 20:39:25.609[0m | [33m[1mWARNING [0m | [36mdata_source[0m:[36mconnect[0m:[36m70[0m - [33m[1m所有服务器连接失败[0m
[32m2026-10-02 20:39:59.286[0m | [33m[1mWARNING [0m | [36mdata_source[0m:[36mconnect[0m:[36m70[0m - [33m[1m所有服务器连接失败[0m
[32m2026-10-02 20:40:20.514[0m | [33m[1mWARNING [0m | [36mdata_source[0m:[36mconnect[0m:[36m70[0m - [33m[1m所有服务器连接失败[0m
[32m2026-10-02 20:40:46.414[0m | [33m[1mWARNING [0m | [36mdata_source[0m:[36mconnect[0m:[36m70[0m - [33m[1m所有服务器连接失败[0m
[32m2026-10-02 20:41:17.318[0m | [1mINFO    [0m | [36msentiment_monitor[0m:[36mfetch_all_sources[0m:[36m262[0m - [1meastmoney 获取到 30 条新闻[0m
[32m2026-10-02 20:41:17.535[0m | [1mINFO    [0m | [36msentiment_monitor[0m:[36mfetch_all_sources[0m:[36m262[0m - [1msina 获取到 30 条新闻[0m
[32m2026-10-02 20:41:17.845[0m | [33m[1mWARNING [0m | [36mdata_source[0m:[36mconnect[0m:[36m70[0m - [33m[1m所有服务器连接失败[0m
[32m2026-10-02 20:41:18.201[0m | [1mINFO    [0m | [36msentiment_monitor[0m:[36mfetch_all_sources[0m:[36m262[0m - [1mfed 获取到 20 条新闻[0m
[32m2026-10-02 20:41:18.201[0m | [1mINFO    [0m | [36msentiment_monitor[0m:[36mfetch_all_sources[0m:[36m270[0m - [1m总共获取到 80 条舆情[0m
[32m2026-10-02 20:41:18.218[0m | [1mINFO    [0m | [36msentiment_monitor[0m:[36mprocess_news[0m:[36m312[0m - [1m保存了 41 条重要舆情到数据库[0m
[32m2026-10-02 20:41:18.219[0m | [1mINFO    [0m | [36msentiment_monitor[0m:[36mbroadcast_sentiment[0m:[36m383[0m - [1m推送了 1 条个性化舆情[0m
[32m2026-10-02 20:42:08.605[0m | [33m[1mWARNING [0m | [36mdata_source[0m:[36mconnect[0m:[36m70[0m - [33m[1m所有服务器连接失败[0m
[32m2026-10-02 20:42:30.192[0m | [33m[1mWARNING [0m | [36mdata_source[0m:[36mconnect[0m:[36m70[0m - [33m[1m所有服务器连接失败[0m
[32m2026-10-02 20:43:21.553[0m | [33m[1mWARNING [0m | [36mdata_source[0m:[36mconnect[0m:[36m70[0m - [33m[1m所有服务器连接失败[0m
[32m2026-10-02 20:43:44.273[0m | [33m[1mWARNING [0m | [36mdata_source[0m:[36mconnect[0m:[36m70[0m - [33m[1m所有服务器连接失败[0m
[32m2026-10-02 20:44:14.246[0m | [33m[1mWARNING [0m | [36mdata_source[0m:[36mconnect[0m:[36m70[0m - [33m[1m所有服务器连接失败[0m
[32m2026-10-02 20:44:35.036[0m | [33m[1mWARNING [0m | [36mdata_source[0m:[36mconnect[0m:[36m70[0m - [33m[1m所有服务器连接失败[0m
[32m2026-10-02 20:44:56.613[0m | [33m[1mWARNING [0m | [36mdata_source[0m:[36mconnect[0m:[36m70[0m - [33m[1m所有服务器连接失败[0m
[32m2026-10-02 20:45:43.175[0m | [33m[1mWARNING [0m | [36mdata_source[0m:[36mconnect[0m:[36m70[0m - [33m[1m所有服务器连接失败[0m
[32m2026-10-02 20:46:09.972[0m | [33m[1mWARNING [0m | [36mdata_source[0m:[36mconnect[0m:[36m70[0m - [33m[1m所有服务器连接失败[0m
[32m2026-10-02 20:46:18.432[0m | [1mINFO    [0m | [36msentiment_monitor[0m:[36mfetch_all_sources[0m:[36m262[0m - [1meastmoney 获取到 30 条新闻[0m
[32m2026-10-02 20:46:18.896[0m | [1mINFO    [0m | [36msentiment_monitor[0m:[36mfetch_all_sources[0m:[36m262[0m - [1msina 获取到 30 条新闻[0m
[32m2026-10-02 20:46:19.369[0m | [1mINFO    [0m | [36msentiment_monitor[0m:[36mfetch_all_sources[0m:[36m262[0m - [1mfed 获取到 20 条新闻[0m
[32m2026-10-02 20:46:19.369[0m | [1mINFO    [0m | [36msentiment_monitor[0m:[36mfetch_all_sources[0m:[36m270[0m - [1m总共获取到 80 条舆情[0m
[32m2026-10-02 20:46:19.389[0m | [1mINFO    [0m | [36msentiment_monitor[0m:[36mprocess_news[0m:[36m312[0m - [1m保存了 42 条重要舆情到数据库[0m
[32m2026-10-02 20:46:19.390[0m | [1mINFO    [0m | [36msentiment_monitor[0m:[36mbroadcast_sentiment[0m:[36m383[0m - [1m推送了 1 条个性化舆情[0m
[32m2026-10-02 20:46:34.995[0m | [33m[1mWARNING [0m | [36mdata_source[0m:[36mconnect[0m:[36m70[0m - [33m[1m所有服务器连接失败[0m
[32m2026-10-02 20:47:30.397[0m | [33m[1mWARNING [0m | [36mdata_source[0m:[36mconnect[0m:[36m70[0m - [33m[1m所有服务器连接失败[0m
[32m2026-10-02 20:47:57.489[0m | [33m[1mWARNING [0m | [36mdata_source[0m:[36mconnect[0m:[36m70[0m - [33m[1m所有服务器连接失败[0m
[32m2026-10-02 20:48:24.202[0m | [33m[1mWARNING [0m | [36mdata_source[0m:[36mconnect[0m:[36m70[0m - [33m[1m所有服务器连接失败[0m
[32m2026-10-02 20:48:48.463[0m | [33m[1mWARNING [0m | [36mdata_source[0m:[36mconnect[0m:[36m70[0m - [33m[1m所有服务器连接失败[0m
[32m2026-10-02 20:49:11.599[0m | [33m[1mWARNING [0m | [36mdata_source[0m:[36mconnect[0m:[36m70[0m - [33m[1m所有服务器连接失败[0m
[32m2026-10-02 20:49:50.035[0m | [33m[1mWARNING [0m | [36mdata_source[0m:[36mconnect[0m:[36m70[0m - [33m[1m所有服务器连接失败[0m
[32m2026-10-02 20:50:17.375[0m | [33m[1mWARNING [0m | [36mdata_source[0m:[36mconnect[0m:[36m70[0m - [33m[1m所有服务器连接失败[0m
[32m2026-10-02 20:50:44.253[0m | [33m[1mWARNING [0m | [36mdata_source[0m:[36mconnect[0m:[36m70[0m - [33m[1m所有服务器连接失败[0m
[32m2026-10-02 20:51:19.657[0m | [1mINFO    [0m | [36msentiment_monitor[0m:[36mfetch_all_sources[0m:[36m262[0m - [1meastmoney 获取到 30 条新闻[0m
[32m2026-10-02 20:51:19.902[0m | [1mINFO    [0m | [36msentiment_monitor[0m:[36mfetch_all_sources[0m:[36m262[0m - [1msina 获取到 30 条新闻[0m
[32m2026-10-02 20:51:21.413[0m | [1mINFO    [0m | [36msentiment_monitor[0m:[36mfetch_all_sources[0m:[36m262[0m - [1mfed 获取到 20 条新闻[0m
[32m2026-10-02 20:51:21.413[0m | [1mINFO    [0m | [36msentiment_monitor[0m:[36mfetch_all_sources[0m:[36m270[0m - [1m总共获取到 80 条舆情[0m
[32m2026-10-02 20:51:21.431[0m | [1mINFO    [0m | [36msentiment_monitor[0m:[36mprocess_news[0m:[36m312[0m - [1m保存了 42 条重要舆情到数据库[0m
[32m2026-10-02 20:51:21.432[0m | [1mINFO    [0m | [36msentiment_monitor[0m:[36mbroadcast_sentiment[0m:[36m383[0m - [1m推送了 1 条个性化舆情[0m
[32m2026-10-02 20:51:45.093[0m | [33m[1mWARNING [0m | [36mdata_source[0m:[36mconnect[0m:[36m70[0m - [33m[1m所有服务器连接失败[0m
[32m2026-10-02 20:52:08.598[0m | [33m[1mWARNING [0m | [36mdata_source[0m:[36mconnect[0m:[36m70[0m - [33m[1m所有服务器连接失败[0m
[32m2026-10-02 20:52:33.837[0m | [33m[1mWARNING [0m | [36mdata_source[0m:[36mconnect[0m:[36m70[0m - [33m[1m所有服务器连接失败[0m
[32m2026-10-02 20:53:01.997[0m | [33m[1mWARNING [0m | [36mdata_source[0m:[36mconnect[0m:[36m70[0m - [33m[1m所有服务器连接失败[0m
[32m2026-10-02 20:53:23.477[0m | [33m[1mWARNING [0m | [36mdata_source[0m:[36mconnect[0m:[36m70[0m - [33m[1m所有服务器连接失败[0m
[32m2026-10-02 20:54:00.017[0m | [33m[1mWARNING [0m | [36mdata_source[0m:[36mconnect[0m:[36m70[0m - [33m[1m所有服务器连接失败[0m
[32m2026-10-02 20:54:20.708[0m | [33m[1mWARNING [0m | [36mdata_source[0m:[36mconnect[0m:[36m70[0m - [33m[1m所有服务器连接失败[0m
[32m2026-10-02 20:54:45.083[0m | [33m[1mWARNING [0m | [36mdata_source[0m:[36mconnect[0m:[36m70[0m - [33m[1m所有服务器连接失败[0m
[32m2026-10-02 20:55:15.864[0m | [33m[1mWARNING [0m | [36mdata_source[0m:[36mconnect[0m:[36m70[0m - [33m[1m所有服务器连接失败[0m
[32m2026-10-02 20:56:07.085[0m | [33m[1mWARNING [0m | [36mdata_source[0m:[36mconnect[0m:[36m70[0m - [33m[1m所有服务器连接失败[0m
[32m2026-10-02 20:56:21.599[0m | [1mINFO    [0m | [36msentiment_monitor[0m:[36mfetch_all_sources[0m:[36m262[0m - [1meastmoney 获取到 30 条新闻[0m
[32m2026-10-02 20:56:22.061[0m | [1mINFO    [0m | [36msentiment_monitor[0m:[36mfetch_all_sources[0m:[36m262[0m - [1msina 获取到 30 条新闻[0m
[32m2026-10-02 20:56:22.616[0m | [1mINFO    [0m | [36msentiment_monitor[0m:[36mfetch_all_sources[0m:[36m262[0m - [1mfed 获取到 20 条新闻[0m
[32m2026-10-02 20:56:22.617[0m | [1mINFO    [0m | [36msentiment_monitor[0m:[36mfetch_all_sources[0m:[36m270[0m - [1m总共获取到 80 条舆情[0m
[32m2026-10-02 20:56:22.633[0m | [1mINFO    [0m | [36msentiment_monitor[0m:[36mprocess_news[0m:[36m312[0m - [1m保存了 43 条重要舆情到数据库[0m
[32m2026-10-02 20:56:22.634[0m | [1mINFO    [0m | [36msentiment_monitor[0m:[36mbroadcast_sentiment[0m:[36m383[0m - [1m推送了 1 条个性化舆情[0m
[32m2026-10-02 20:56:29.064[0m | [33m[1mWARNING [0m | [36mdata_source[0m:[36mconnect[0m:[36m70[0m - [33m[1m所有服务器连接失败[0m
[32m2026-10-02 20:57:19.778[0m | [33m[1mWARNING [0m | [36mdata_source[0m:[36mconnect[0m:[36m70[0m - [33m[1m所有服务器连接失败[0m
[32m2026-10-02 20:57:41.570[0m | [33m[1mWARNING [0m | [36mdata_source[0m:[36mconnect[0m:[36m70[0m - [33m[1m所有服务器连接失败[0m
[32m2026-10-02 20:58:14.045[0m | [33m[1mWARNING [0m | [36mdata_source[0m:[36mconnect[0m:[36m70[0m - [33m[1m所有服务器连接失败[0m
[32m2026-10-02 20:58:42.300[0m | [33m[1mWARNING [0m | [36mdata_source[0m:[36mconnect[0m:[36m70[0m - [33m[1m所有服务器连接失败[0m
[32m2026-10-02 20:59:34.328[0m | [33m[1mWARNING [0m | [36mdata_source[0m:[36mconnect[0m:[36m70[0m - [33m[1m所有服务器连接失败[0m
[32m2026-10-02 20:59:54.988[0m | [33m[1mWARNING [0m | [36mdata_source[0m:[36mconnect[0m:[36m70[0m - [33m[1m所有服务器连接失败[0m
[32m2026-10-02 21:00:45.771[0m | [33m[1mWARNING [0m | [36mdata_source[0m:[36mconnect[0m:[36m70[0m - [33m[1m所有服务器连接失败[0m
[32m2026-10-02 21:01:06.538[0m | [33m[1mWARNING [0m | [36mdata_source[0m:[36mconnect[0m:[36m70[0m - [33m[1m所有服务器连接失败[0m
[32m2026-10-02 21:01:22.774[0m | [1mINFO    [0m | [36msentiment_monitor[0m:[36mfetch_all_sources[0m:[36m262[0m - [1meastmoney 获取到 30 条新闻[0m
[32m2026-10-02 21:01:22.961[0m | [1mINFO    [0m | [36msentiment_monitor[0m:[36mfetch_all_sources[0m:[36m262[0m - [1msina 获取到 30 条新闻[0m
[32m2026-10-02 21:01:23.271[0m | [1mINFO    [0m | [36msentiment_monitor[0m:[36mfetch_all_sources[0m:[36m262[0m - [1mfed 获取到 20 条新闻[0m
[32m2026-10-02 21:01:23.272[0m | [1mINFO    [0m | [36msentiment_monitor[0m:[36mfetch_all_sources[0m:[36m270[0m - [1m总共获取到 80 条舆情[0m
[32m2026-10-02 21:01:23.287[0m | [1mINFO    [0m | [36msentiment_monitor[0m:[36mprocess_news[0m:[36m312[0m - [1m保存了 43 条重要舆情到数据库[0m
[32m2026-10-02 21:01:23.288[0m | [1mINFO    [0m | [36msentiment_monitor[0m:[36mbroadcast_sentiment[0m:[36m383[0m - [1m推送了 1 条个性化舆情[0m
[32m2026-10-02 21:01:27.434[0m | [33m[1mWARNING [0m | [36mdata_source[0m:[36mconnect[0m:[36m70[0m - [33m[1m所有服务器连接失败[0m
[32m2026-10-02 21:01:57.445[0m | [33m[1mWARNING [0m | [36mdata_source[0m:[36mconnect[0m:[36m70[0m - [33m[1m所有服务器连接失败[0m
[32m2026-10-02 21:02:49.556[0m | [33m[1mWARNING [0m | [36mdata_source[0m:[36mconnect[0m:[36m70[0m - [33m[1m所有服务器连接失败[0m
[32m2026-10-02 21:03:10.778[0m | [33m[1mWARNING [0m | [36mdata_source[0m:[36mconnect[0m:[36m70[0m - [33m[1m所有服务器连接失败[0m
[32m2026-10-02 21:03:33.925[0m | [33m[1mWARNING [0m | [36mdata_source[0m:[36mconnect[0m:[36m70[0m - [33m[1m所有服务器连接失败[0m
[32m2026-10-02 21:03:58.618[0m | [33m[1mWARNING [0m | [36mdata_source[0m:[36mconnect[0m:[36m70[0m - [33m[1m所有服务器连接失败[0m
[32m2026-10-02 21:04:51.775[0m | [33m[1mWARNING [0m | [36mdata_source[0m:[36mconnect[0m:[36m70[0m - [33m[1m所有服务器连接失败[0m
[32m2026-10-02 21:05:13.272[0m | [33m[1mWARNING [0m | [36mdata_source[0m:[36mconnect[0m:[36m70[0m - [33m[1m所有服务器连接失败[0m
[32m2026-10-02 21:05:35.829[0m | [33m[1mWARNING [0m | [36mdata_source[0m:[36mconnect[0m:[36m70[0m - [33m[1m所有服务器连接失败[0m
[32m2026-10-02 21:06:01.489[0m | [33m[1mWARNING [0m | [36mdata_source[0m:[36mconnect[0m:[36m70[0m - [33m[1m所有服务器连接失败[0m
[32m2026-10-02 21:06:23.440[0m | [1mINFO    [0m | [36msentiment_monitor[0m:[36mfetch_all_sources[0m:[36m262[0m - [1meastmoney 获取到 30 条新闻[0m
[32m2026-10-02 21:06:23.609[0m | [1mINFO    [0m | [36msentiment_monitor[0m:[36mfetch_all_sources[0m:[36m262[0m - [1msina 获取到 30 条新闻[0m
[32m2026-10-02 21:06:25.593[0m | [1mINFO    [0m | [36msentiment_monitor[0m:[36mfetch_all_sources[0m:[36m270[0m - [1m总共获取到 60 条舆情[0m
[32m2026-10-02 21:06:25.608[0m | [1mINFO    [0m | [36msentiment_monitor[0m:[36mprocess_news[0m:[36m312[0m - [1m保存了 41 条重要舆情到数据库[0m
[32m2026-10-02 21:06:25.609[0m | [1mINFO    [0m | [36msentiment_monitor[0m:[36mbroadcast_sentiment[0m:[36m383[0m - [1m推送了 1 条个性化舆情[0m
[32m2026-10-02 21:06:56.895[0m | [33m[1mWARNING [0m | [36mdata_source[0m:[36mconnect[0m:[36m70[0m - [33m[1m所有服务器连接失败[0m
[32m2026-10-02 21:07:20.090[0m | [33m[1mWARNING [0m | [36mdata_source[0m:[36mconnect[0m:[36m70[0m - [33m[1m所有服务器连接失败[0m
[32m2026-10-02 21:07:44.130[0m | [33m[1mWARNING [0m | [36mdata_source[0m:[36mconnect[0m:[36m70[0m - [33m[1m所有服务器连接失败[0m
[32m2026-10-02 21:08:07.719[0m | [33m[1mWARNING [0m | [36mdata_source[0m:[36mconnect[0m:[36m70[0m - [33m[1m所有服务器连接失败[0m
[32m2026-10-02 21:09:01.119[0m | [33m[1mWARNING [0m | [36mdata_source[0m:[36mconnect[0m:[36m70[0m - [33m[1m所有服务器连接失败[0m
[32m2026-10-02 21:09:24.748[0m | [33m[1mWARNING [0m | [36mdata_source[0m:[36mconnect[0m:[36m70[0m - [33m[1m所有服务器连接失败[0m
[32m2026-10-02 21:10:01.688[0m | [33m[1mWARNING [0m | [36mdata_source[0m:[36mconnect[0m:[36m70[0m - [33m[1m所有服务器连接失败[0m
[32m2026-10-02 21:10:28.071[0m | [33m[1mWARNING [0m | [36mdata_source[0m:[36mconnect[0m:[36m70[0m - [33m[1m所有服务器连接失败[0m
[32m2026-10-02 21:11:19.379[0m | [33m[1mWARNING [0m | [36mdata_source[0m:[36mconnect[0m:[36m70[0m - [33m[1m所有服务器连接失败[0m
[32m2026-10-02 21:11:25.773[0m | [1mINFO    [0m | [36msentiment_monitor[0m:[36mfetch_all_sources[0m:[36m262[0m - [1meastmoney 获取到 30 条新闻[0m
[32m2026-10-02 21:11:25.988[0m | [1mINFO    [0m | [36msentiment_monitor[0m:[36mfetch_all_sources[0m:[36m262[0m - [1msina 获取到 30 条新闻[0m
[32m2026-10-02 21:11:31.055[0m | [1mINFO    [0m | [36msentiment_monitor[0m:[36mfetch_all_sources[0m:[36m262[0m - [1mfed 获取到 20 条新闻[0m
[32m2026-10-02 21:11:31.056[0m | [1mINFO    [0m | [36msentiment_monitor[0m:[36mfetch_all_sources[0m:[36m270[0m - [1m总共获取到 80 条舆情[0m
[32m2026-10-02 21:11:31.074[0m | [1mINFO    [0m | [36msentiment_monitor[0m:[36mprocess_news[0m:[36m312[0m - [1m保存了 45 条重要舆情到数据库[0m
[32m2026-10-02 21:11:31.075[0m | [1mINFO    [0m | [36msentiment_monitor[0m:[36mbroadcast_sentiment[0m:[36m383[0m - [1m推送了 1 条个性化舆情[0m
[32m2026-10-02 21:11:40.604[0m | [33m[1mWARNING [0m | [36mdata_source[0m:[36mconnect[0m:[36m70[0m - [33m[1m所有服务器连接失败[0m
[32m2026-10-02 21:12:35.800[0m | [33m[1mWARNING [0m | [36mdata_source[0m:[36mconnect[0m:[36m70[0m - [33m[1m所有服务器连接失败[0m
[32m2026-10-02 21:13:02.975[0m | [33m[1mWARNING [0m | [36mdata_source[0m:[36mconnect[0m:[36m70[0m - [33m[1m所有服务器连接失败[0m
[32m2026-10-02 21:13:28.046[0m | [33m[1mWARNING [0m | [36mdata_source[0m:[36mconnect[0m:[36m70[0m - [33m[1m所有服务器连接失败[0m
[32m2026-10-02 21:14:00.541[0m | [33m[1mWARNING [0m | [36mdata_source[0m:[36mconnect[0m:[36m70[0m - [33m[1m所有服务器连接失败[0m
[32m2026-10-02 21:14:21.538[0m | [33m[1mWARNING [0m | [36mdata_source[0m:[36mconnect[0m:[36m70[0m - [33m[1m所有服务器连接失败[0m
[32m2026-10-02 21:14:59.734[0m | [33m[1mWARNING [0m | [36mdata_source[0m:[36mconnect[0m:[36m70[0m - [33m[1m所有服务器连接失败[0m
[32m2026-10-02 21:15:22.344[0m | [33m[1mWARNING [0m | [36mdata_source[0m:[36mconnect[0m:[36m70[0m - [33m[1m所有服务器连接失败[0m
[32m2026-10-02 21:15:46.032[0m | [33m[1mWARNING [0m | [36mdata_source[0m:[36mconnect[0m:[36m70[0m - [33m[1m所有服务器连接失败[0m
[32m2026-10-02 21:16:12.569[0m | [33m[1mWARNING [0m | [36mdata_source[0m:[36mconnect[0m:[36m70[0m - [33m[1m所有服务器连接失败[0m
[32m2026-10-02 21:16:31.317[0m | [1mINFO    [0m | [36msentiment_monitor[0m:[36mfetch_all_sources[0m:[36m262[0m - [1meastmoney 获取到 30 条新闻[0m
[32m2026-10-02 21:16:31.544[0m | [1mINFO    [0m | [36msentiment_monitor[0m:[36mfetch_all_sources[0m:[36m262[0m - [1msina 获取到 30 条新闻[0m
[32m2026-10-02 21:16:33.368[0m | [1mINFO    [0m | [36msentiment_monitor[0m:[36mfetch_all_sources[0m:[36m262[0m - [1mfed 获取到 20 条新闻[0m
[32m2026-10-02 21:16:33.368[0m | [1mINFO    [0m | [36msentiment_monitor[0m:[36mfetch_all_sources[0m:[36m270[0m - [1m总共获取到 80 条舆情[0m
[32m2026-10-02 21:16:33.391[0m | [1mINFO    [0m | [36msentiment_monitor[0m:[36mprocess_news[0m:[36m312[0m - [1m保存了 45 条重要舆情到数据库[0m
[32m2026-10-02 21:16:33.392[0m | [1mINFO    [0m | [36msentiment_monitor[0m:[36mbroadcast_sentiment[0m:[36m383[0m - [1m推送了 2 条个性化舆情[0m
[32m2026-10-02 21:17:04.008[0m | [33m[1mWARNING [0m | [36mdata_source[0m:[36mconnect[0m:[36m70[0m - [33m[1m所有服务器连接失败[0m
[32m2026-10-02 21:17:32.475[0m | [33m[1mWARNING [0m | [36mdata_source[0m:[36mconnect[0m:[36m70[0m - [33m[1m所有服务器连接失败[0m
[32m2026-10-02 21:18:24.042[0m | [33m[1mWARNING [0m | [36mdata_source[0m:[36mconnect[0m:[36m70[0m - [33m[1m所有服务器连接失败[0m
[32m2026-10-02 21:18:46.315[0m | [33m[1mWARNING [0m | [36mdata_source[0m:[36mconnect[0m:[36m70[0m - [33m[1m所有服务器连接失败[0m
[32m2026-10-02 21:19:13.208[0m | [33m[1mWARNING [0m | [36mdata_source[0m:[36mconnect[0m:[36m70[0m - [33m[1m所有服务器连接失败[0m
[32m2026-10-02 21:19:40.412[0m | [33m[1mWARNING [0m | [36mdata_source[0m:[36mconnect[0m:[36m70[0m - [33m[1m所有服务器连接失败[0m
[32m2026-10-02 21:20:02.502[0m | [33m[1mWARNING [0m | [36mdata_source[0m:[36mconnect[0m:[36m70[0m - [33m[1m所有服务器连接失败[0m
[32m2026-10-02 21:20:40.937[0m | [33m[1mWARNING [0m | [36mdata_source[0m:[36mconnect[0m:[36m70[0m - [33m[1m所有服务器连接失败[0m
[32m2026-10-02 21:21:04.646[0m | [33m[1mWARNING [0m | [36mdata_source[0m:[36mconnect[0m:[36m70[0m - [33m[1m所有服务器连接失败[0m
[32m2026-10-02 21:21:33.429[0m | [33m[1mWARNING [0m | [36mdata_source[0m:[36mconnect[0m:[36m70[0m - [33m[1m所有服务器连接失败[0m
[32m2026-10-02 21:21:33.576[0m | [1mINFO    [0m | [36msentiment_monitor[0m:[36mfetch_all_sources[0m:[36m262[0m - [1meastmoney 获取到 30 条新闻[0m
[32m2026-10-02 21:21:33.780[0m | [1mINFO    [0m | [36msentiment_monitor[0m:[36mfetch_all_sources[0m:[36m262[0m - [1msina 获取到 30 条新闻[0m
[32m2026-10-02 21:21:35.418[0m | [1mINFO    [0m | [36msentiment_monitor[0m:[36mfetch_all_sources[0m:[36m262[0m - [1mfed 获取到 20 条新闻[0m
[32m2026-10-02 21:21:35.418[0m | [1mINFO    [0m | [36msentiment_monitor[0m:[36mfetch_all_sources[0m:[36m270[0m - [1m总共获取到 80 条舆情[0m
[32m2026-10-02 21:21:35.436[0m | [1mINFO    [0m | [36msentiment_monitor[0m:[36mprocess_news[0m:[36m312[0m - [1m保存了 45 条重要舆情到数据库[0m
[32m2026-10-02 21:21:35.436[0m | [1mINFO    [0m | [36msentiment_monitor[0m:[36mbroadcast_sentiment[0m:[36m383[0m - [1m推送了 2 条个性化舆情[0m
[32m2026-10-02 21:22:37.433[0m | [33m[1mWARNING [0m | [36mdata_source[0m:[36mconnect[0m:[36m70[0m - [33m[1m所有服务器连接失败[0m
[32m2026-10-02 21:23:05.959[0m | [33m[1mWARNING [0m | [36mdata_source[0m:[36mconnect[0m:[36m70[0m - [33m[1m所有服务器连接失败[0m
[32m2026-10-02 21:23:57.213[0m | [33m[1mWARNING [0m | [36mdata_source[0m:[36mconnect[0m:[36m70[0m - [33m[1m所有服务器连接失败[0m
[32m2026-10-02 21:24:19.697[0m | [33m[1mWARNING [0m | [36mdata_source[0m:[36mconnect[0m:[36m70[0m - [33m[1m所有服务器连接失败[0m
[32m2026-10-02 21:24:53.219[0m | [33m[1mWARNING [0m | [36mdata_source[0m:[36mconnect[0m:[36m70[0m - [33m[1m所有服务器连接失败[0m
[32m2026-10-02 21:25:18.148[0m | [33m[1mWARNING [0m | [36mdata_source[0m:[36mconnect[0m:[36m70[0m - [33m[1m所有服务器连接失败[0m
[32m2026-10-02 21:26:01.606[0m | [33m[1mWARNING [0m | [36mdata_source[0m:[36mconnect[0m:[36m70[0m - [33m[1m所有服务器连接失败[0m
[32m2026-10-02 21:26:12.077[0m | [1mINFO    [0m | [36mevolution_loop[0m:[36mevolution_loop[0m:[36m320[0m - [1m进化任务开始: calendar[0m
[32m2026-10-02 21:26:12.078[0m | [1mINFO    [0m | [36mevolution_loop[0m:[36mevolution_loop[0m:[36m322[0m - [1m进化任务完成: calendar → {'stale': False, 'fetched': 0, 'max_event_date': '2026-10-31', 'include_past': 0}[0m
[32m2026-10-02 21:26:28.724[0m | [33m[1mWARNING [0m | [36mdata_source[0m:[36mconnect[0m:[36m70[0m - [33m[1m所有服务器连接失败[0m
[32m2026-10-02 21:26:35.639[0m | [1mINFO    [0m | [36msentiment_monitor[0m:[36mfetch_all_sources[0m:[36m262[0m - [1meastmoney 获取到 30 条新闻[0m
[32m2026-10-02 21:26:36.996[0m | [1mINFO    [0m | [36msentiment_monitor[0m:[36mfetch_all_sources[0m:[36m262[0m - [1msina 获取到 30 条新闻[0m
[32m2026-10-02 21:26:37.726[0m | [1mINFO    [0m | [36msentiment_monitor[0m:[36mfetch_all_sources[0m:[36m262[0m - [1mfed 获取到 20 条新闻[0m
[32m2026-10-02 21:26:37.726[0m | [1mINFO    [0m | [36msentiment_monitor[0m:[36mfetch_all_sources[0m:[36m270[0m - [1m总共获取到 80 条舆情[0m
[32m2026-10-02 21:26:37.747[0m | [1mINFO    [0m | [36msentiment_monitor[0m:[36mprocess_news[0m:[36m312[0m - [1m保存了 45 条重要舆情到数据库[0m
[32m2026-10-02 21:26:37.749[0m | [1mINFO    [0m | [36msentiment_monitor[0m:[36mbroadcast_sentiment[0m:[36m383[0m - [1m推送了 3 条个性化舆情[0m
[32m2026-10-02 21:26:57.731[0m | [33m[1mWARNING [0m | [36mdata_source[0m:[36mconnect[0m:[36m70[0m - [33m[1m所有服务器连接失败[0m
[32m2026-10-02 21:27:19.945[0m | [33m[1mWARNING [0m | [36mdata_source[0m:[36mconnect[0m:[36m70[0m - [33m[1m所有服务器连接失败[0m
[32m2026-10-02 21:27:41.652[0m | [33m[1mWARNING [0m | [36mdata_source[0m:[36mconnect[0m:[36m70[0m - [33m[1m所有服务器连接失败[0m
[32m2026-10-02 21:28:38.824[0m | [33m[1mWARNING [0m | [36mdata_source[0m:[36mconnect[0m:[36m70[0m - [33m[1m所有服务器连接失败[0m
[32m2026-10-02 21:29:02.673[0m | [33m[1mWARNING [0m | [36mdata_source[0m:[36mconnect[0m:[36m70[0m - [33m[1m所有服务器连接失败[0m
[32m2026-10-02 21:29:54.209[0m | [33m[1mWARNING [0m | [36mdata_source[0m:[36mconnect[0m:[36m70[0m - [33m[1m所有服务器连接失败[0m
[32m2026-10-02 21:30:15.528[0m | [33m[1mWARNING [0m | [36mdata_source[0m:[36mconnect[0m:[36m70[0m - [33m[1m所有服务器连接失败[0m
[32m2026-10-02 21:30:40.231[0m | [33m[1mWARNING [0m | [36mdata_source[0m:[36mconnect[0m:[36m70[0m - [33m[1m所有服务器连接失败[0m
[32m2026-10-02 21:31:13.118[0m | [33m[1mWARNING [0m | [36mdata_source[0m:[36mconnect[0m:[36m70[0m - [33m[1m所有服务器连接失败[0m
[32m2026-10-02 21:31:34.648[0m | [33m[1mWARNING [0m | [36mdata_source[0m:[36mconnect[0m:[36m70[0m - [33m[1m所有服务器连接失败[0m
[32m2026-10-02 21:31:37.912[0m | [1mINFO    [0m | [36msentiment_monitor[0m:[36mfetch_all_sources[0m:[36m262[0m - [1meastmoney 获取到 30 条新闻[0m
[32m2026-10-02 21:31:38.370[0m | [1mINFO    [0m | [36msentiment_monitor[0m:[36mfetch_all_sources[0m:[36m262[0m - [1msina 获取到 30 条新闻[0m
[32m2026-10-02 21:31:39.167[0m | [1mINFO    [0m | [36msentiment_monitor[0m:[36mfetch_all_sources[0m:[36m262[0m - [1mfed 获取到 20 条新闻[0m
[32m2026-10-02 21:31:39.167[0m | [1mINFO    [0m | [36msentiment_monitor[0m:[36mfetch_all_sources[0m:[36m270[0m - [1m总共获取到 80 条舆情[0m
[32m2026-10-02 21:31:39.185[0m | [1mINFO    [0m | [36msentiment_monitor[0m:[36mprocess_news[0m:[36m312[0m - [1m保存了 46 条重要舆情到数据库[0m
[32m2026-10-02 21:31:39.186[0m | [1mINFO    [0m | [36msentiment_monitor[0m:[36mbroadcast_sentiment[0m:[36m383[0m - [1m推送了 3 条个性化舆情[0m
[32m2026-10-02 21:32:12.173[0m | [33m[1mWARNING [0m | [36mdata_source[0m:[36mconnect[0m:[36m70[0m - [33m[1m所有服务器连接失败[0m
[32m2026-10-02 21:32:33.406[0m | [33m[1mWARNING [0m | [36mdata_source[0m:[36mconnect[0m:[36m70[0m - [33m[1m所有服务器连接失败[0m
[32m2026-10-02 21:33:00.754[0m | [33m[1mWARNING [0m | [36mdata_source[0m:[36mconnect[0m:[36m70[0m - [33m[1m所有服务器连接失败[0m
[32m2026-10-02 21:33:27.022[0m | [33m[1mWARNING [0m | [36mdata_source[0m:[36mconnect[0m:[36m70[0m - [33m[1m所有服务器连接失败[0m
[32m2026-10-02 21:34:05.537[0m | [1mINFO    [0m | [36mws_manager[0m:[36mconnect[0m:[36m26[0m - [1mWebSocket 已连接，当前连接数: 1[0m
[32m2026-10-02 21:34:18.513[0m | [33m[1mWARNING [0m | [36mdata_source[0m:[36mconnect[0m:[36m70[0m - [33m[1m所有服务器连接失败[0m
[32m2026-10-02 21:34:39.742[0m | [33m[1mWARNING [0m | [36mdata_source[0m:[36mconnect[0m:[36m70[0m - [33m[1m所有服务器连接失败[0m
[32m2026-10-02 21:35:36.219[0m | [33m[1mWARNING [0m | [36mdata_source[0m:[36mconnect[0m:[36m70[0m - [33m[1m所有服务器连接失败[0m
[32m2026-10-02 21:35:53.875[0m | [1mINFO    [0m | [36mws_manager[0m:[36mdisconnect[0m:[36m32[0m - [1mWebSocket 已断开，当前连接数: 0[0m
[32m2026-10-02 21:36:03.823[0m | [33m[1mWARNING [0m | [36mdata_source[0m:[36mconnect[0m:[36m70[0m - [33m[1m所有服务器连接失败[0m
[32m2026-10-02 21:36:28.967[0m | [33m[1mWARNING [0m | [36mdata_source[0m:[36mconnect[0m:[36m70[0m - [33m[1m所有服务器连接失败[0m
[32m2026-10-02 21:36:39.427[0m | [1mINFO    [0m | [36msentiment_monitor[0m:[36mfetch_all_sources[0m:[36m262[0m - [1meastmoney 获取到 30 条新闻[0m
[32m2026-10-02 21:36:39.613[0m | [1mINFO    [0m | [36msentiment_monitor[0m:[36mfetch_all_sources[0m:[36m262[0m - [1msina 获取到 30 条新闻[0m
[32m2026-10-02 21:36:40.161[0m | [1mINFO    [0m | [36msentiment_monitor[0m:[36mfetch_all_sources[0m:[36m262[0m - [1mfed 获取到 20 条新闻[0m
[32m2026-10-02 21:36:40.161[0m | [1mINFO    [0m | [36msentiment_monitor[0m:[36mfetch_all_sources[0m:[36m270[0m - [1m总共获取到 80 条舆情[0m
[32m2026-10-02 21:36:40.181[0m | [1mINFO    [0m | [36msentiment_monitor[0m:[36mprocess_news[0m:[36m312[0m - [1m保存了 48 条重要舆情到数据库[0m
[32m2026-10-02 21:36:40.181[0m | [1mINFO    [0m | [36msentiment_monitor[0m:[36mbroadcast_sentiment[0m:[36m383[0m - [1m推送了 4 条个性化舆情[0m
[32m2026-10-02 21:37:00.712[0m | [33m[1mWARNING [0m | [36mdata_source[0m:[36mconnect[0m:[36m70[0m - [33m[1m所有服务器连接失败[0m
[32m2026-10-02 21:37:22.454[0m | [33m[1mWARNING [0m | [36mdata_source[0m:[36mconnect[0m:[36m70[0m - [33m[1m所有服务器连接失败[0m
[32m2026-10-02 21:37:57.094[0m | [33m[1mWARNING [0m | [36mdata_source[0m:[36mconnect[0m:[36m70[0m - [33m[1m所有服务器连接失败[0m
[32m2026-10-02 21:38:22.699[0m | [33m[1mWARNING [0m | [36mdata_source[0m:[36mconnect[0m:[36m70[0m - [33m[1m所有服务器连接失败[0m
[32m2026-10-02 21:38:48.916[0m | [33m[1mWARNING [0m | [36mdata_source[0m:[36mconnect[0m:[36m70[0m - [33m[1m所有服务器连接失败[0m
[32m2026-10-02 21:39:14.821[0m | [33m[1mWARNING [0m | [36mdata_source[0m:[36mconnect[0m:[36m70[0m - [33m[1m所有服务器连接失败[0m
[32m2026-10-02 21:40:06.695[0m | [33m[1mWARNING [0m | [36mdata_source[0m:[36mconnect[0m:[36m70[0m - [33m[1m所有服务器连接失败[0m
[32m2026-10-02 21:40:29.824[0m | [33m[1mWARNING [0m | [36mdata_source[0m:[36mconnect[0m:[36m70[0m - [33m[1m所有服务器连接失败[0m
[32m2026-10-02 21:41:21.515[0m | [33m[1mWARNING [0m | [36mdata_source[0m:[36mconnect[0m:[36m70[0m - [33m[1m所有服务器连接失败[0m
[32m2026-10-02 21:41:40.448[0m | [1mINFO    [0m | [36msentiment_monitor[0m:[36mfetch_all_sources[0m:[36m262[0m - [1meastmoney 获取到 30 条新闻[0m
[32m2026-10-02 21:41:40.712[0m | [1mINFO    [0m | [36msentiment_monitor[0m:[36mfetch_all_sources[0m:[36m262[0m - [1msina 获取到 30 条新闻[0m
[32m2026-10-02 21:41:41.382[0m | [1mINFO    [0m | [36msentiment_monitor[0m:[36mfetch_all_sources[0m:[36m262[0m - [1mfed 获取到 20 条新闻[0m
[32m2026-10-02 21:41:41.383[0m | [1mINFO    [0m | [36msentiment_monitor[0m:[36mfetch_all_sources[0m:[36m270[0m - [1m总共获取到 80 条舆情[0m
[32m2026-10-02 21:41:41.402[0m | [1mINFO    [0m | [36msentiment_monitor[0m:[36mprocess_news[0m:[36m312[0m - [1m保存了 45 条重要舆情到数据库[0m
[32m2026-10-02 21:41:41.404[0m | [1mINFO    [0m | [36msentiment_monitor[0m:[36mbroadcast_sentiment[0m:[36m383[0m - [1m推送了 4 条个性化舆情[0m
[32m2026-10-02 21:41:43.563[0m | [33m[1mWARNING [0m | [36mdata_source[0m:[36mconnect[0m:[36m70[0m - [33m[1m所有服务器连接失败[0m
[32m2026-10-02 21:42:15.780[0m | [33m[1mWARNING [0m | [36mdata_source[0m:[36mconnect[0m:[36m70[0m - [33m[1m所有服务器连接失败[0m
[32m2026-10-02 21:42:44.549[0m | [33m[1mWARNING [0m | [36mdata_source[0m:[36mconnect[0m:[36m70[0m - [33m[1m所有服务器连接失败[0m
[32m2026-10-02 21:43:38.709[0m | [33m[1mWARNING [0m | [36mdata_source[0m:[36mconnect[0m:[36m70[0m - [33m[1m所有服务器连接失败[0m
[32m2026-10-02 21:43:59.622[0m | [33m[1mWARNING [0m | [36mdata_source[0m:[36mconnect[0m:[36m70[0m - [33m[1m所有服务器连接失败[0m
