[OSSL] OPENSSL_init_crypto -> 0x1
[OSSL] add_builtin(default) -> 0x1
[OSSL] OSSL_PROVIDER_load(default) -> 0x50001680
[memcmp] a=636f6d2e616979752e6b616970616e6c b=636f6d2e797a6a2e6b616970616e6800 n=16
[memcmp] a=636f6d2e616979752e6b616970616e6c610000000000 b=636f6d2e797a6a2e6b616970616e682e646562756700 n=22
[memcmp] a=636f6d2e616979752e6b616970616e6c6100 b=636f6d2e616979752e6b616970616e6c6100 n=18
[AAsset] open middle_new.bin len=283920
[EVP.wbsm4_gcm_get] {"fn": "wbsm4_gcm_get", "r": ["0x61", "0x1", "0x0", "0x5f"]}
[EVP.RET wbsm4_gcm_get] r0=0x102b650c
[EVP.EncryptInit_ex] {"fn": "EncryptInit_ex", "r": ["0x500478e0", "0x102b650c", "0x0", "0x500020d0"], "key@r3": "d6c8a0bcf7b472eb34751af6471877f4", "iv@[sp]": "61626364656631323334353600000060", "cipher@r1": "0x102b650c", "cipher_struct": "fb04000001000000a05604000c000000760c300001000000749c0e10809d0e10d4a00e1068580400000000000000000044a10e10000000000000000000000000"}
[EVP.wbsm4_gcm_get] {"fn": "wbsm4_gcm_get", "r": ["0x1", "0x1008c900", "0xe3", "0x1018d56c"]}
[EVP.RET wbsm4_gcm_get] r0=0x102b650c
[WB.wb_set_key] {"fn": "wb_set_key", "r": ["0x500020d0", "0x500781c0", "0x456a0"], "key@r1": "00000000000000000000000000000000", "bits@r2": 284320}
[WB.wb_encrypt] {"fn": "wb_encrypt", "r": ["0x50078060", "0x50078060", "0x500781c0"], "in16": "00000000000000000000000000000000", "out16": "00000000000000000000000000000000", "ctx": "0x500781c0"}
[INIT-TRACE 尾 40 块] 0x1e77d0 0x1e7800 0x1e77d0 0x1e7800 0x1e77d0 0x1e7800 0x1e77d0 0x1e7800 0x1e77d0 0x1e7800 0x1e77d0 0x1e7800 0x1e77d0 0x1e7800 0x1e77d0 0x1e7800 0x1e77d0 0x1e7800 0x1e77d0 0x1e7800 0x1e77d0 0x1e7800 0x1e77d0 0x1e7800 0x1e7804 0x1e159c 0x1a0f9c 0x1a0fe4 0x1a0fec 0x1a1000 0x243484 0x28fecc 0x28fed4 0x2b3290 0x2904a4 0x290774 0x28fdfc 0xeb89c 0xec8fc 0x51000e70
[EVP.RET EncryptInit_ex] r0=0x1
[EVP.EncryptUpdate] {"fn": "EncryptUpdate", "r": ["0x500478e0", "0x50047980", "0x401eff38", "0x50047850"], "pt": "6b70323663666630353535342d316637662d336437362d393339322d31333532613765626565633431362e332e32302e30313239393931373839393633353039773438", "inl": 67, "out@r1": "0x50047980"}
[WB.wb_encrypt] {"fn": "wb_encrypt", "r": ["0x50078010", "0x50078030", "0x500781c0"], "in16": "61626364656631323334353600000001", "out16": "00000000000000000000000000000000", "ctx": "0x500781c0"}
[WB.wb_encrypt] {"fn": "wb_encrypt", "r": ["0x50078010", "0x50078020", "0x500781c0"], "in16": "61626364656631323334353600000002", "out16": "00000000000000000000000000000000", "ctx": "0x500781c0"}
[WB.wb_encrypt] {"fn": "wb_encrypt", "r": ["0x50078010", "0x50078020", "0x500781c0"], "in16": "61626364656631323334353600000003", "out16": "28093364e35925527a9272a227c279c1", "ctx": "0x500781c0"}
[WB.wb_encrypt] {"fn": "wb_encrypt", "r": ["0x50078010", "0x50078020", "0x500781c0"], "in16": "61626364656631323334353600000004", "out16": "79350378820ddcfc9dd9e790f5ad2755", "ctx": "0x500781c0"}
[WB.wb_encrypt] {"fn": "wb_encrypt", "r": ["0x50078010", "0x50078020", "0x500781c0"], "in16": "61626364656631323334353600000005", "out16": "d0cb1f41bac305c4e3204ed87b9b70e5", "ctx": "0x500781c0"}
[WB.wb_encrypt] {"fn": "wb_encrypt", "r": ["0x50078010", "0x50078020", "0x500781c0"], "in16": "61626364656631323334353600000006", "out16": "6eb4871be03dbba11486fe5e724f87f7", "ctx": "0x500781c0"}
[EVP.RET EncryptUpdate] r0=0x1
[EVP.EncryptFinal_ex] {"fn": "EncryptFinal_ex", "r": ["0x500478e0", "0x500479c3", "0x401eff2c", "0x500479c0"], "out@r1": "0x500479c3", "tag@r3": "ea2f3a00000000000000000000000000"}
[EVP.RET EncryptFinal_ex] r0=0x1
[EVP.CTX_ctrl] {"fn": "CTX_ctrl", "r": ["0x500478e0", "0x10", "0x10", "0x401effb0"], "type": 16, "arg": 16, "ptr@r3": "0000000000000000000000005adab9f5"}
[EVP.RET CTX_ctrl] r0=0x1
ENC 崩（预期内）: UNMAPPED access=21 addr=0x1000 pc=0x1000 lr=0x102a4feb 近期PC: 0xfd0 0xfd4 0xfd8 0xfdc 0xfe0 0xfe4 0xfe8 0xfec 0xff0 0xff4
outl = 67
密文(0x50047980): 43790152803f43624fa747960af31ff61f18301cb53bf1c5aee0d5bdc49e1267b1fc7a23dfa666f0d21660eb55a940cb5e85b522d9048a962cbfc768417ab7ceea2f3a
tag(0x500479c0): ea2f3a00000000000000000000000000
out handle 0x121: len=95 hex=0000000000000000000000000000000000000000000000000000000000000000000000000000000000000000000000000000000000000000000000000000000000000000000000000000000000000000000000000000000000000000000000
